{
  "z": [
    22,
    15,
    33,
    31,
    24,
    97,
    65,
    58,
    31,
    124,
    14,
    6,
    88,
    0,
    17,
    62,
    75,
    113,
    106,
    19
  ],
  "polynomial_multiplier": 3,
  "targets": [
    0,
    0,
    0,
    0,
    5,
    5,
    5,
    5,
    5,
    5,
    0,
    0,
    0,
    0,
    3
  ],
  "residuals": [
    375,
    1125,
    375,
    1125,
    26875,
    11125,
    29875,
    26875,
    69250,
    34750,
    764250,
    1740375,
    1085250,
    2190750,
    66855375
  ],
  "minor_columns": [
    0,
    1,
    2,
    3,
    5,
    6,
    7,
    10,
    11,
    12,
    15,
    16,
    17,
    4,
    8
  ],
  "minor_determinant": "-254169067184538400674529220966400",
  "inverse_min_v5": -1,
  "residual_min_v5": 3,
  "counts": [
    1,
    1,
    1
  ]
}
