seeds 39
seed [0, 0, 0, 0, 0, 0, 1, 1] attempts 0
seed [0, 0, 0, 0, 0, 1, 0, 1] attempts 0
seed [0, 0, 0, 0, 0, 1, 1, 0] attempts 0
seed [0, 0, 0, 0, 1, 0, 0, 1] attempts 0
seed [0, 0, 0, 0, 1, 0, 1, 0] attempts 0
seed [0, 0, 0, 0, 1, 1, 0, 0] attempts 0
seed [0, 0, 0, 0, 1, 1, 1, 1] attempts 0
seed [0, 0, 0, 1, 0, 0, 0, 0] attempts 0
seed [0, 0, 0, 1, 0, 0, 1, 1] attempts 0
seed [0, 0, 0, 1, 1, 0, 0, 1] attempts 0
seed [0, 0, 0, 1, 1, 0, 1, 0] attempts 0
seed [0, 0, 1, 0, 0, 0, 0, 0] attempts 0
seed [0, 0, 1, 0, 0, 0, 1, 1] attempts 0
seed [0, 0, 1, 0, 0, 1, 0, 1] attempts 0
seed [0, 0, 1, 0, 0, 1, 1, 0] attempts 0
seed [0, 0, 1, 1, 0, 0, 0, 0] attempts 0
seed [0, 0, 1, 1, 0, 0, 1, 1] attempts 0
seed [0, 0, 1, 1, 1, 1, 0, 0] attempts 0
seed [0, 0, 1, 1, 1, 1, 1, 1] attempts 0
seed [0, 1, 0, 0, 0, 0, 0, 0] attempts 0
seed [0, 1, 0, 0, 0, 0, 1, 1] attempts 0
seed [0, 1, 0, 0, 1, 0, 0, 1] attempts 0
seed [0, 1, 0, 0, 1, 0, 1, 0] attempts 0
seed [0, 1, 1, 0, 0, 0, 0, 0] attempts 0
seed [0, 1, 1, 0, 0, 0, 1, 1] attempts 0
seed [1, 0, 0, 0, 0, 0, 0, 0] attempts 0
seed [1, 0, 0, 0, 0, 0, 1, 1] attempts 0
seed [1, 0, 0, 0, 0, 1, 0, 1] attempts 0
seed [1, 0, 0, 0, 0, 1, 1, 0] attempts 0
seed [1, 0, 0, 1, 0, 0, 0, 0] attempts 0
seed [1, 0, 0, 1, 0, 0, 1, 1] attempts 0
seed [1, 1, 0, 0, 0, 0, 0, 0] attempts 0
seed [1, 1, 0, 0, 0, 0, 1, 1] attempts 0
seed [1, 1, 0, 0, 1, 1, 0, 0] attempts 0
seed [1, 1, 0, 0, 1, 1, 1, 1] attempts 0
seed [1, 1, 1, 1, 0, 0, 0, 0] attempts 0
seed [1, 1, 1, 1, 0, 0, 1, 1] attempts 0
seed [1, 1, 1, 1, 1, 1, 0, 0] attempts 0
seed [1, 1, 1, 1, 1, 1, 1, 1] attempts 0
No certificate found
