seeds 39
seed [0, 0, 0, 0, 0, 0, 1, 1] attempts 0
seed [0, 0, 0, 0, 0, 1, 0, 1] attempts 0
seed [0, 0, 0, 0, 0, 1, 1, 0] attempts 0
seed [0, 0, 0, 0, 1, 0, 0, 1] attempts 0
seed [0, 0, 0, 0, 1, 0, 1, 0] attempts 0
seed [0, 0, 0, 0, 1, 1, 0, 0] attempts 0
seed [0, 0, 0, 0, 1, 1, 1, 1] attempts 319
seed [0, 0, 0, 1, 0, 0, 0, 0] attempts 450
seed [0, 0, 0, 1, 0, 0, 1, 1] attempts 450
seed [0, 0, 0, 1, 1, 0, 0, 1] attempts 450
seed [0, 0, 0, 1, 1, 0, 1, 0] attempts 450
seed [0, 0, 1, 0, 0, 0, 0, 0] attempts 603
seed [0, 0, 1, 0, 0, 0, 1, 1] attempts 603
seed [0, 0, 1, 0, 0, 1, 0, 1] attempts 603
seed [0, 0, 1, 0, 0, 1, 1, 0] attempts 603
seed [0, 0, 1, 1, 0, 0, 0, 0] attempts 770
seed [0, 0, 1, 1, 0, 0, 1, 1] attempts 770
seed [0, 0, 1, 1, 1, 1, 0, 0] attempts 770
seed [0, 0, 1, 1, 1, 1, 1, 1] attempts 914
seed [0, 1, 0, 0, 0, 0, 0, 0] attempts 1079
seed [0, 1, 0, 0, 0, 0, 1, 1] attempts 1079
seed [0, 1, 0, 0, 1, 0, 0, 1] attempts 1079
seed [0, 1, 0, 0, 1, 0, 1, 0] attempts 1079
seed [0, 1, 1, 0, 0, 0, 0, 0] attempts 1329
seed [0, 1, 1, 0, 0, 0, 1, 1] attempts 1329
seed [1, 0, 0, 0, 0, 0, 0, 0] attempts 1488
seed [1, 0, 0, 0, 0, 0, 1, 1] attempts 1488
seed [1, 0, 0, 0, 0, 1, 0, 1] attempts 1488
seed [1, 0, 0, 0, 0, 1, 1, 0] attempts 1488
seed [1, 0, 0, 1, 0, 0, 0, 0] attempts 1726
seed [1, 0, 0, 1, 0, 0, 1, 1] attempts 1726
seed [1, 1, 0, 0, 0, 0, 0, 0] attempts 1879
seed [1, 1, 0, 0, 0, 0, 1, 1] attempts 1879
seed [1, 1, 0, 0, 1, 1, 0, 0] attempts 1879
seed [1, 1, 0, 0, 1, 1, 1, 1] attempts 2028
seed [1, 1, 1, 1, 0, 0, 0, 0] attempts 2236
seed [1, 1, 1, 1, 0, 0, 1, 1] attempts 2236
seed [1, 1, 1, 1, 1, 1, 0, 0] attempts 2236
seed [1, 1, 1, 1, 1, 1, 1, 1] attempts 2236
No certificate found
