
Starting CP-SAT solver v9.15.6755
Parameters: max_time_in_seconds: 30 log_search_progress: true num_search_workers: 1

Initial satisfaction model '': (model_fingerprint: 0x70692576c0d45fa7)
#Variables: 55 (54 primary variables)
  - 28 in [0,3]
  - 1 in [0,5]
  - 1 in [0,6]
  - 1 in [0,8]
  - 1 in [0,11]
  - 1 in [0,14]
  - 1 in [0,17]
  - 1 in [0,20]
  - 2 in [0,21]
  - 5 in [0,22]
  - 5 in [0,23]
  - 1 in [0,24]
  - 1 in [0,25]
  - 1 in [0,26]
  - 1 in [0,27]
  - 1 in [0,28]
  - 1 in [0,29]
  - 1 in [0,30]
  - 1 in [0,31]
#kLinearN: 5 (#terms: 244)

Starting presolve at 0.00s
  7.01e-05s  0.00e+00d  [DetectDominanceRelations] 
  6.95e-04s  0.00e+00d  [PresolveToFixPoint] #num_loops=2 #num_dual_strengthening=1 
  1.15e-05s  0.00e+00d  [ExtractEncodingFromLinear] 
  3.62e-05s  0.00e+00d  [DetectDuplicateColumns] 
  8.44e-06s  0.00e+00d  [DetectDuplicateConstraints] 
[Symmetry] Graph for symmetry has 219 nodes and 402 arcs.
[Symmetry] Symmetry computation done. time: 7.7292e-05 dtime: 2.735e-05
  7.57e-06s  0.00e+00d  [DetectDuplicateConstraintsWithDifferentEnforcements] 
  2.92e-04s  4.96e-07d  [Probe] 
  4.67e-06s  0.00e+00d  [MaxClique] 
  6.29e-05s  0.00e+00d  [DetectDominanceRelations] 
  3.32e-04s  0.00e+00d  [PresolveToFixPoint] #num_loops=1 #num_dual_strengthening=1 
  4.17e-05s  0.00e+00d  [ProcessAtMostOneAndLinear] 
  4.51e-06s  0.00e+00d  [DetectDuplicateConstraints] 
  2.84e-06s  0.00e+00d  [DetectDuplicateConstraintsWithDifferentEnforcements] 
  5.81e-05s  9.49e-07d  [DetectDominatedLinearConstraints] #relevant_constraints=5 #num_inclusions=4 #num_redundant=4 
  4.97e-06s  0.00e+00d  [DetectDifferentVariables] 
  5.93e-06s  0.00e+00d  [ProcessSetPPC] 
  4.39e-05s  0.00e+00d  [TransformClausesToExactlyOne] 
  1.68e-06s  0.00e+00d  [DetectEncodedComplexDomains] 
  1.03e-05s  0.00e+00d  [FindAlmostIdenticalLinearConstraints] 
  1.46e-06s  0.00e+00d  [FindBigAtMostOneAndLinearOverlap] 
  3.44e-05s  5.05e-05d  [FindBigVerticalLinearOverlap] 
  7.43e-06s  1.06e-06d  [FindBigHorizontalLinearOverlap] #linears=5 
  1.73e-06s  0.00e+00d  [MergeClauses] 
  7.17e-05s  0.00e+00d  [DetectDominanceRelations] 
  5.37e-04s  0.00e+00d  [PresolveToFixPoint] #num_loops=2 #num_dual_strengthening=1 
  6.48e-05s  0.00e+00d  [DetectDominanceRelations] 
  3.30e-04s  0.00e+00d  [PresolveToFixPoint] #num_loops=1 #num_dual_strengthening=1 
  3.47e-05s  0.00e+00d  [DetectDuplicateColumns] 
  6.80e-06s  0.00e+00d  [DetectDuplicateConstraints] 
[Symmetry] Graph for symmetry has 240 nodes and 415 arcs.
[Symmetry] Symmetry computation done. time: 9.4003e-05 dtime: 2.933e-05
  7.80e-06s  0.00e+00d  [DetectDuplicateConstraintsWithDifferentEnforcements] 
  2.08e-04s  4.57e-07d  [Probe] 
  4.09e-06s  0.00e+00d  [MaxClique] 
  7.19e-05s  0.00e+00d  [DetectDominanceRelations] 
  3.44e-04s  0.00e+00d  [PresolveToFixPoint] #num_loops=1 #num_dual_strengthening=1 
  4.50e-05s  0.00e+00d  [ProcessAtMostOneAndLinear] 
  4.35e-06s  0.00e+00d  [DetectDuplicateConstraints] 
  3.21e-06s  0.00e+00d  [DetectDuplicateConstraintsWithDifferentEnforcements] 
  5.92e-05s  1.25e-06d  [DetectDominatedLinearConstraints] #relevant_constraints=6 #num_inclusions=5 #num_redundant=1 
  5.42e-06s  0.00e+00d  [DetectDifferentVariables] 
  7.06e-06s  0.00e+00d  [ProcessSetPPC] 
  4.26e-05s  0.00e+00d  [TransformClausesToExactlyOne] 
  1.47e-06s  0.00e+00d  [DetectEncodedComplexDomains] 
  7.47e-06s  0.00e+00d  [FindAlmostIdenticalLinearConstraints] 
  1.45e-06s  0.00e+00d  [FindBigAtMostOneAndLinearOverlap] 
  4.09e-05s  5.29e-05d  [FindBigVerticalLinearOverlap] 
  8.12e-06s  1.18e-06d  [FindBigHorizontalLinearOverlap] #linears=6 
  1.72e-06s  0.00e+00d  [MergeClauses] 
  6.10e-05s  0.00e+00d  [DetectDominanceRelations] 
  3.07e-04s  0.00e+00d  [PresolveToFixPoint] #num_loops=1 #num_dual_strengthening=1 
  5.67e-05s  0.00e+00d  [DetectDominanceRelations] 
  3.50e-04s  0.00e+00d  [PresolveToFixPoint] #num_loops=1 #num_dual_strengthening=1 
  2.26e-05s  0.00e+00d  [DetectDuplicateColumns] 
  4.56e-06s  0.00e+00d  [DetectDuplicateConstraints] 
[Symmetry] Graph for symmetry has 238 nodes and 412 arcs.
[Symmetry] Symmetry computation done. time: 9.2094e-05 dtime: 2.844e-05
  6.48e-06s  0.00e+00d  [DetectDuplicateConstraintsWithDifferentEnforcements] 
  1.80e-04s  4.55e-07d  [Probe] 
  3.93e-06s  0.00e+00d  [MaxClique] 
  7.35e-05s  0.00e+00d  [DetectDominanceRelations] 
  3.19e-04s  0.00e+00d  [PresolveToFixPoint] #num_loops=1 #num_dual_strengthening=1 
  3.70e-05s  0.00e+00d  [ProcessAtMostOneAndLinear] 
  4.53e-06s  0.00e+00d  [DetectDuplicateConstraints] 
  3.13e-06s  0.00e+00d  [DetectDuplicateConstraintsWithDifferentEnforcements] 
  5.31e-05s  1.14e-06d  [DetectDominatedLinearConstraints] #relevant_constraints=6 #num_inclusions=4 #num_redundant=1 
  4.51e-06s  0.00e+00d  [DetectDifferentVariables] 
  6.49e-06s  0.00e+00d  [ProcessSetPPC] 
  3.90e-05s  0.00e+00d  [TransformClausesToExactlyOne] 
  1.47e-06s  0.00e+00d  [DetectEncodedComplexDomains] 
  6.78e-06s  0.00e+00d  [FindAlmostIdenticalLinearConstraints] 
  1.34e-06s  0.00e+00d  [FindBigAtMostOneAndLinearOverlap] 
  3.75e-05s  5.29e-05d  [FindBigVerticalLinearOverlap] 
  7.66e-06s  1.18e-06d  [FindBigHorizontalLinearOverlap] #linears=6 
  2.05e-06s  0.00e+00d  [MergeClauses] 
  6.07e-05s  0.00e+00d  [DetectDominanceRelations] 
  2.94e-04s  0.00e+00d  [PresolveToFixPoint] #num_loops=1 #num_dual_strengthening=1 
  1.57e-06s  0.00e+00d  [MergeNoOverlap] 
  1.08e-06s  0.00e+00d  [MergeNoOverlap2D] 

Presolve summary:
  - 0 affine relations were detected.
  - rule 'diophantine: reformulated equality' was applied 1 time.
  - rule 'linear inclusion: sparsify superset' was applied 6 times.
  - rule 'linear: divide by GCD' was applied 4 times.
  - rule 'linear: fixed or dup variables' was applied 1 time.
  - rule 'linear: singleton column' was applied 2 times.
  - rule 'presolve: 0 unused variables removed.' was applied 1 time.
  - rule 'presolve: iteration' was applied 3 times.

Presolved satisfaction model '': (model_fingerprint: 0xd51e5e7512736d3f)
#Variables: 54 (53 primary variables)
  - 1 in [-51,87]
  - 27 in [0,3]
  - 1 in [0,5]
  - 1 in [0,6]
  - 1 in [0,8]
  - 1 in [0,11]
  - 1 in [0,14]
  - 1 in [0,17]
  - 1 in [0,20]
  - 2 in [0,21]
  - 5 in [0,22]
  - 5 in [0,23]
  - 1 in [0,24]
  - 1 in [0,25]
  - 1 in [0,26]
  - 1 in [0,27]
  - 1 in [0,28]
  - 1 in [0,29]
  - 1 in [0,30]
#kLinearN: 6 (#terms: 236)
[Symmetry] Graph for symmetry has 236 nodes and 412 arcs.
[Symmetry] Symmetry computation done. time: 8.6651e-05 dtime: 2.832e-05

Preloading model.

Starting search at 0.01s with 1 workers.
1 full problem subsolver: [main]

[Precedences] num_relations=0 num_clauses=0
[Probing] deterministic_time: 0 (limit: 1) wall_time: 1.994e-06 (0/0)
[LinearRelaxationBeforeCliqueExpansion] #linear:6 #at_most_ones:0
[FinalLinearRelaxation] #linear:6 #cut_generators:0
Initial num_bool: 0

Starting subsolver 'main' hint search at 0.01s
Starting subsolver 'main' search at 0.01s
