
Starting CP-SAT solver v9.15.6755
Parameters: max_time_in_seconds: 300 log_search_progress: true num_search_workers: 2

Initial satisfaction model '': (model_fingerprint: 0x922c2d9bdd2b77e0)
#Variables: 316 (314 primary variables)
  - 64 Booleans in [0,1]
  - 6 in [0,4]
  - 8 in [0,5]
  - 4 in [0,6]
  - 4 in [0,7]
  - 4 in [0,8]
  - 4 in [0,9]
  - 4 in [0,10]
  - 4 in [0,11]
  - 2 in [0,12]
  - 4 in [0,13]
  - 2 in [0,14]
  - 4 in [0,15]
  - 4 in [0,16]
  - 2 in [0,17]
  - 4 in [0,18]
  - 4 in [0,19]
  - 56 in [0,20]
  - 44 in [0,21]
  - 24 in [0,22]
  - 8 in [0,23]
  - 8 in [0,24]
  - 8 in [0,25]
  - 10 in [0,26]
  - 10 in [0,27]
  - 20 in [0,28]
#kLinearN: 11 (#terms: 2'861)

Starting presolve at 0.00s
  4.06e-04s  0.00e+00d  [DetectDominanceRelations] 
  4.25e-03s  0.00e+00d  [PresolveToFixPoint] #num_loops=2 #num_dual_strengthening=1 
  1.33e-05s  0.00e+00d  [ExtractEncodingFromLinear] #potential_supersets=1 
  2.12e-04s  0.00e+00d  [DetectDuplicateColumns] 
  1.49e-05s  0.00e+00d  [DetectDuplicateConstraints] 
[Symmetry] Graph for symmetry has 2'295 nodes and 4'513 arcs.
[Symmetry] Symmetry computation done. time: 0.000307728 dtime: 0.00029303
  2.94e-05s  0.00e+00d  [DetectDuplicateConstraintsWithDifferentEnforcements] 
  7.40e-03s  8.77e-04d  [Probe] #probed=64 
  6.03e-06s  0.00e+00d  [MaxClique] 
  4.00e-04s  0.00e+00d  [DetectDominanceRelations] 
  2.29e-03s  0.00e+00d  [PresolveToFixPoint] #num_loops=1 #num_dual_strengthening=1 
  5.83e-04s  0.00e+00d  [ProcessAtMostOneAndLinear] 
  1.72e-05s  0.00e+00d  [DetectDuplicateConstraints] 
  6.51e-06s  0.00e+00d  [DetectDuplicateConstraintsWithDifferentEnforcements] 
  4.34e-04s  1.17e-05d  [DetectDominatedLinearConstraints] #relevant_constraints=9 #num_inclusions=7 #num_redundant=7 
  1.85e-05s  0.00e+00d  [DetectDifferentVariables] 
  7.26e-04s  1.38e-06d  [ProcessSetPPC] #relevant_constraints=9 #num_inclusions=8 
  9.42e-05s  0.00e+00d  [TransformClausesToExactlyOne] 
  1.77e-06s  0.00e+00d  [DetectEncodedComplexDomains] 
  2.57e-05s  2.52e-06d  [FindAlmostIdenticalLinearConstraints] #num_tested_pairs=2 
  5.21e-04s  6.38e-04d  [FindBigAtMostOneAndLinearOverlap] 
  9.81e-04s  3.42e-03d  [FindBigVerticalLinearOverlap] 
  2.25e-04s  9.89e-05d  [FindBigHorizontalLinearOverlap] #blocks=1 #saved_nz=249 #linears=9 
  3.81e-06s  0.00e+00d  [MergeClauses] 
  3.79e-04s  0.00e+00d  [DetectDominanceRelations] 
  2.14e-03s  0.00e+00d  [PresolveToFixPoint] #num_loops=1 #num_dual_strengthening=1 
  3.57e-04s  0.00e+00d  [DetectDominanceRelations] 
  2.02e-03s  0.00e+00d  [PresolveToFixPoint] #num_loops=1 #num_dual_strengthening=1 
  1.06e-04s  0.00e+00d  [DetectDuplicateColumns] 
  1.11e-05s  0.00e+00d  [DetectDuplicateConstraints] 
[Symmetry] Graph for symmetry has 2'288 nodes and 4'214 arcs.
[Symmetry] Symmetry computation done. time: 0.00035653 dtime: 0.00025843
  2.52e-05s  0.00e+00d  [DetectDuplicateConstraintsWithDifferentEnforcements] 
  6.66e-03s  7.64e-04d  [Probe] #probed=64 
  5.95e-05s  1.36e-06d  [MaxClique] 
  5.66e-04s  0.00e+00d  [DetectDominanceRelations] 
  2.40e-03s  0.00e+00d  [PresolveToFixPoint] #num_loops=1 #num_dual_strengthening=1 
  4.93e-04s  0.00e+00d  [ProcessAtMostOneAndLinear] 
  1.12e-05s  0.00e+00d  [DetectDuplicateConstraints] 
  5.66e-06s  0.00e+00d  [DetectDuplicateConstraintsWithDifferentEnforcements] 
  3.49e-04s  1.03e-05d  [DetectDominatedLinearConstraints] #relevant_constraints=8 #num_inclusions=6 #num_redundant=6 
  1.57e-05s  0.00e+00d  [DetectDifferentVariables] 
  5.48e-05s  1.18e-06d  [ProcessSetPPC] #relevant_constraints=8 #num_inclusions=7 
  9.49e-05s  0.00e+00d  [TransformClausesToExactlyOne] #num_amos=1 
  1.66e-06s  0.00e+00d  [DetectEncodedComplexDomains] 
  1.53e-05s  0.00e+00d  [FindAlmostIdenticalLinearConstraints] 
  4.94e-04s  6.37e-04d  [FindBigAtMostOneAndLinearOverlap] 
  6.74e-04s  3.10e-03d  [FindBigVerticalLinearOverlap] 
  7.87e-05s  8.88e-05d  [FindBigHorizontalLinearOverlap] #linears=8 
  3.29e-06s  0.00e+00d  [MergeClauses] 
  3.39e-04s  0.00e+00d  [DetectDominanceRelations] 
  1.90e-03s  0.00e+00d  [PresolveToFixPoint] #num_loops=1 #num_dual_strengthening=1 
  3.38e-04s  0.00e+00d  [DetectDominanceRelations] 
  1.88e-03s  0.00e+00d  [PresolveToFixPoint] #num_loops=1 #num_dual_strengthening=1 
  9.81e-05s  0.00e+00d  [DetectDuplicateColumns] 
  8.15e-06s  0.00e+00d  [DetectDuplicateConstraints] 
[Symmetry] Graph for symmetry has 2'288 nodes and 4'214 arcs.
[Symmetry] Symmetry computation done. time: 0.000300831 dtime: 0.00025843
  2.43e-05s  0.00e+00d  [DetectDuplicateConstraintsWithDifferentEnforcements] 
  6.34e-03s  7.64e-04d  [Probe] #probed=64 
  4.35e-05s  1.36e-06d  [MaxClique] 
  3.41e-04s  0.00e+00d  [DetectDominanceRelations] 
  2.00e-03s  0.00e+00d  [PresolveToFixPoint] #num_loops=1 #num_dual_strengthening=1 
  7.18e-04s  0.00e+00d  [ProcessAtMostOneAndLinear] 
  1.14e-05s  0.00e+00d  [DetectDuplicateConstraints] 
  5.49e-06s  0.00e+00d  [DetectDuplicateConstraintsWithDifferentEnforcements] 
  3.32e-04s  1.03e-05d  [DetectDominatedLinearConstraints] #relevant_constraints=8 #num_inclusions=6 #num_redundant=6 
  1.57e-05s  0.00e+00d  [DetectDifferentVariables] 
  5.49e-05s  1.19e-06d  [ProcessSetPPC] #relevant_constraints=8 #num_inclusions=7 
  9.32e-05s  0.00e+00d  [TransformClausesToExactlyOne] #num_amos=1 
  1.60e-06s  0.00e+00d  [DetectEncodedComplexDomains] 
  1.48e-05s  0.00e+00d  [FindAlmostIdenticalLinearConstraints] 
  5.18e-04s  6.37e-04d  [FindBigAtMostOneAndLinearOverlap] 
  6.87e-04s  3.10e-03d  [FindBigVerticalLinearOverlap] 
  8.00e-05s  8.88e-05d  [FindBigHorizontalLinearOverlap] #linears=8 
  3.15e-06s  0.00e+00d  [MergeClauses] 
  3.52e-04s  0.00e+00d  [DetectDominanceRelations] 
  1.92e-03s  0.00e+00d  [PresolveToFixPoint] #num_loops=1 #num_dual_strengthening=1 
  1.36e-06s  0.00e+00d  [MergeNoOverlap] 
  9.62e-07s  0.00e+00d  [MergeNoOverlap2D] 

Presolve summary:
  - 0 affine relations were detected.
  - rule 'exactly_one: removed literals' was applied 1 time.
  - rule 'exactly_one: singleton' was applied 1 time.
  - rule 'linear inclusion: sparsify superset' was applied 19 times.
  - rule 'linear matrix: common horizontal rectangle' was applied 1 time.
  - rule 'linear: empty' was applied 3 times.
  - rule 'linear: fixed or dup variables' was applied 13 times.
  - rule 'linear: positive equal one' was applied 1 time.
  - rule 'linear: reduced variable domains' was applied 2 times.
  - rule 'presolve: 33 unused variables removed.' was applied 1 time.
  - rule 'presolve: iteration' was applied 3 times.
  - rule 'setppc: exactly_one included in linear' was applied 8 times.
  - rule 'setppc: reduced linear coefficients' was applied 8 times.

Presolved satisfaction model '': (model_fingerprint: 0x6319d510953bdaee)
#Variables: 283 (282 primary variables)
  - 31 Booleans in [0,1]
  - 6 in [0,4]
  - 8 in [0,5]
  - 4 in [0,6]
  - 4 in [0,7]
  - 4 in [0,8]
  - 4 in [0,9]
  - 4 in [0,10]
  - 4 in [0,11]
  - 2 in [0,12]
  - 4 in [0,13]
  - 2 in [0,14]
  - 4 in [0,15]
  - 4 in [0,16]
  - 2 in [0,17]
  - 4 in [0,18]
  - 4 in [0,19]
  - 56 in [0,20]
  - 44 in [0,21]
  - 24 in [0,22]
  - 8 in [0,23]
  - 8 in [0,24]
  - 8 in [0,25]
  - 10 in [0,26]
  - 10 in [0,27]
  - 20 in [0,28]
#kAtMostOne: 1 (#literals: 31)
#kLinearN: 8 (#terms: 2'221)
[Symmetry] Graph for symmetry has 2'254 nodes and 4'214 arcs.
[Symmetry] Symmetry computation done. time: 0.000280362 dtime: 0.00025639

Preloading model.
#Model   0.06s var:283/283 constraints:9/9

Starting search at 0.06s with 2 workers.
1 full problem subsolver: [default_lp]
1 first solution subsolver: [fj]
2 interleaved subsolvers: [feasibility_pump, rins/rens]
2 helper subsolvers: [neighborhood_helper, synchronization_agent]


Task timing                   n [     min,      max]      avg      dev     time         n [     min,      max]      avg      dev    dtime
        'default_lp':         1 [   5.00m,    5.00m]    5.00m   0.00ns    5.00m         2 [  1.06ms,    2.94m]    1.47m    1.47m    2.94m
  'feasibility_pump':      2927 [ 20.19us,  10.40ms]   2.94ms 565.75us    8.60s      2906 [526.47us,   4.36ms] 527.81us  71.12us    1.53s
                'fj':      2410 [ 84.30ms, 233.04ms] 120.69ms  12.96ms    4.85m      2410 [ 41.24ms, 100.13ms] 100.07ms   1.20ms    4.02m
         'rins/rens':         0 [  0.00ns,   0.00ns]   0.00ns   0.00ns   0.00ns         0 [  0.00ns,   0.00ns]   0.00ns   0.00ns   0.00ns

Search stats     Bools  Conflicts   Branches  Restarts  BacktrackToRoot  Backtrack  BoolPropag  IntegerPropag
  'default_lp':  3'256     92'590  1'657'658       471          141'563    863'066  15'965'056     69'470'462

SAT formula      Fixed  Equiv  Total  VarLeft  BinaryClauses  PermanentClauses  TemporaryClauses
  'default_lp':     14      0  3'256    3'242          6'044             1'374             9'315

SAT stats        ClassicMinim  LitRemoved  LitRemovedBinary  LitLearned  LitForgotten  Subsumed
  'default_lp':        56'153     657'777           409'253   8'955'420     5'780'776    19'497

Vivification     Clauses  Decisions  LitTrue  Subsumed  LitRemoved  DecisionReused  Conflicts
  'default_lp':  178'263    412'552        0        29         133         213'924          0

Clause deletion    at_true  l_and_not(l)  to_binary  sub_conflict  sub_extra  sub_decisions  sub_eager  sub_vivify  sub_probing  sub_inpro  blocked  eliminated  forgotten  promoted  conflicts
    'default_lp':        4             0          0        17'209        297            836      2'288          29            0        177        0           0     61'004   196'259     92'590

Lp stats         Component  Iterations  AddedCuts  OPTIMAL  DUAL_F.  DUAL_U.
  'default_lp':          1   1'358'230      9'175  109'619        0   48'544

Lp dimension     Final dimension of first component
  'default_lp':  11 rows, 283 columns, 2346 entries

Lp debug         CutPropag  CutEqPropag  Adjust  Overflow     Bad  BadScaling
  'default_lp':         64          761  46'992        28  17'344           0

Lp pool          Constraints  Updates  Simplif  Merged  Shortened  Split  Strengthened    Cuts/Call
  'default_lp':        9'184    1'427      847       0          0    222         2'547  9'175/9'247

Lp Cut          default_lp
        CG_FF:       1'009
         CG_K:       1'067
         CG_R:       6'005
     MIR_1_FF:          50
      MIR_1_K:          50
      MIR_1_R:         383
     MIR_2_FF:          45
      MIR_2_K:          44
      MIR_2_R:         441
     MIR_3_FF:          10
      MIR_3_K:           6
      MIR_3_R:          49
     MIR_4_FF:           1
      MIR_4_K:           1
      MIR_4_R:           8
      MIR_5_R:           3
  ZERO_HALF_K:           1
  ZERO_HALF_R:           2

LNS stats       Improv/Calls  Closed  Difficulty  TimeLimit
  'rins/rens':           0/0      0%    5.00e-01       0.10

LS stats                                    Batches  Restarts/Perturbs  LinMoves  GenMoves  CompoundMoves  Bactracks  WeightUpdates  ScoreComputed
                             'fj_restart':       93                 39       774         0              0          0        159'319     41'657'535
                    'fj_restart_compound':      206                 46         0     1'146          1'146          0        352'410     92'360'297
                'fj_restart_compound_obj':      211                 38         0       880            880          0        361'500     94'683'875
            'fj_restart_compound_perturb':      137                 36         0       923            923          0        231'587     62'746'802
        'fj_restart_compound_perturb_obj':      146                 44         0     1'039          1'039          0        246'838     66'393'843
                       'fj_restart_decay':       99                 41       848         0              0          0        169'745     44'369'252
              'fj_restart_decay_compound':      142                 43         0     1'547          1'547          0        242'998     63'705'354
          'fj_restart_decay_compound_obj':      164                 40         0     1'853          1'853          0        280'137     73'621'468
      'fj_restart_decay_compound_perturb':      164                 48         0     6'164          6'164          0        273'124     75'139'097
  'fj_restart_decay_compound_perturb_obj':      121                 37         0     6'783          6'783          0        199'245     55'679'517
                   'fj_restart_decay_obj':      169                 31     1'309         0              0          0        289'765     75'807'432
               'fj_restart_decay_perturb':      120                 48    26'323         0              0          0        180'855     55'558'508
           'fj_restart_decay_perturb_obj':       99                 37     6'536         0              0          0        162'689     45'495'722
                         'fj_restart_obj':      177                 33       675         0              0          0        303'477     79'315'473
                     'fj_restart_perturb':      114                 38       845         0              0          0        192'180     51'634'235
                 'fj_restart_perturb_obj':      248                 40       878         0              0          0        418'688    114'116'051

Solution repositories    Added  Queried  Synchro
    'alternative_path':      0        0        0
      'best_solutions':      0        0        0
   'fj solution hints':    631        0      631
        'lp solutions':      0        0        0
                'pump':      0        0

Improving bounds shared    Num  Sym
            'default_lp':  195    0

Clauses shared    #Exported  #Imported  #BinaryRead  #BinaryTotal
   'default_lp':          0          0            0             0

LRAT_status: NA
CpSolverResponse summary:
status: UNKNOWN
objective: NA
best_bound: NA
integers: 419
booleans: 3256
conflicts: 92590
branches: 1657658
propagations: 15965056
integer_propagations: 69470462
restarts: 471
lp_iterations: 1358230
walltime: 300.012
usertime: 300.012
deterministic_time: 419.372
gap_integral: 0

{
  "D": 504,
  "K": 65,
  "status": "UNKNOWN",
  "seconds": 300.012492273,
  "targets": [
    65,
    0,
    687960,
    -687960,
    2185041222,
    -4369394484,
    3309018502062,
    -9916132363956
  ]
}
