
Starting CP-SAT solver v9.15.6755
Parameters: max_time_in_seconds: 30 log_search_progress: true num_search_workers: 1

Initial satisfaction model '': (model_fingerprint: 0xcb3e15cfa67fb18a)
#Variables: 43 (42 primary variables)
  - 22 in [0,3]
  - 1 in [0,5]
  - 1 in [0,7]
  - 1 in [0,10]
  - 1 in [0,14]
  - 1 in [0,18]
  - 2 in [0,21]
  - 4 in [0,22]
  - 4 in [0,23]
  - 1 in [0,24]
  - 1 in [0,26]
  - 1 in [0,27]
  - 1 in [0,29]
  - 1 in [0,30]
  - 1 in [0,31]
#kLinearN: 5 (#terms: 190)

Starting presolve at 0.00s
  5.48e-05s  0.00e+00d  [DetectDominanceRelations] 
  5.15e-04s  0.00e+00d  [PresolveToFixPoint] #num_loops=2 #num_dual_strengthening=1 
  8.78e-06s  0.00e+00d  [ExtractEncodingFromLinear] 
  1.90e-05s  0.00e+00d  [DetectDuplicateColumns] 
  6.39e-06s  0.00e+00d  [DetectDuplicateConstraints] 
[Symmetry] Graph for symmetry has 171 nodes and 312 arcs.
[Symmetry] Symmetry computation done. time: 6.6453e-05 dtime: 2.148e-05
  5.58e-06s  0.00e+00d  [DetectDuplicateConstraintsWithDifferentEnforcements] 
  2.51e-04s  3.88e-07d  [Probe] 
  5.02e-06s  0.00e+00d  [MaxClique] 
  4.79e-05s  0.00e+00d  [DetectDominanceRelations] 
  2.26e-04s  0.00e+00d  [PresolveToFixPoint] #num_loops=1 #num_dual_strengthening=1 
  3.56e-05s  0.00e+00d  [ProcessAtMostOneAndLinear] 
  2.80e-06s  0.00e+00d  [DetectDuplicateConstraints] 
  2.51e-06s  0.00e+00d  [DetectDuplicateConstraintsWithDifferentEnforcements] 
  5.85e-05s  7.39e-07d  [DetectDominatedLinearConstraints] #relevant_constraints=5 #num_inclusions=4 #num_redundant=4 
  4.40e-06s  0.00e+00d  [DetectDifferentVariables] 
  4.83e-06s  0.00e+00d  [ProcessSetPPC] 
  3.25e-05s  0.00e+00d  [TransformClausesToExactlyOne] 
  1.35e-06s  0.00e+00d  [DetectEncodedComplexDomains] 
  7.24e-06s  0.00e+00d  [FindAlmostIdenticalLinearConstraints] 
  1.12e-06s  0.00e+00d  [FindBigAtMostOneAndLinearOverlap] 
  2.55e-05s  3.04e-05d  [FindBigVerticalLinearOverlap] 
  6.98e-06s  8.25e-07d  [FindBigHorizontalLinearOverlap] #linears=5 
  1.81e-06s  0.00e+00d  [MergeClauses] 
  5.06e-05s  0.00e+00d  [DetectDominanceRelations] 
  4.08e-04s  0.00e+00d  [PresolveToFixPoint] #num_loops=2 #num_dual_strengthening=1 
  4.15e-05s  0.00e+00d  [DetectDominanceRelations] 
  2.16e-04s  0.00e+00d  [PresolveToFixPoint] #num_loops=1 #num_dual_strengthening=1 
  1.68e-05s  0.00e+00d  [DetectDuplicateColumns] 
  3.65e-06s  0.00e+00d  [DetectDuplicateConstraints] 
[Symmetry] Graph for symmetry has 186 nodes and 319 arcs.
[Symmetry] Symmetry computation done. time: 5.8022e-05 dtime: 2.271e-05
  5.62e-06s  0.00e+00d  [DetectDuplicateConstraintsWithDifferentEnforcements] 
  1.42e-04s  3.55e-07d  [Probe] 
  2.29e-06s  0.00e+00d  [MaxClique] 
  4.98e-05s  0.00e+00d  [DetectDominanceRelations] 
  2.29e-04s  0.00e+00d  [PresolveToFixPoint] #num_loops=1 #num_dual_strengthening=1 
  3.35e-05s  0.00e+00d  [ProcessAtMostOneAndLinear] 
  3.06e-06s  0.00e+00d  [DetectDuplicateConstraints] 
  2.70e-06s  0.00e+00d  [DetectDuplicateConstraintsWithDifferentEnforcements] 
  4.11e-05s  9.71e-07d  [DetectDominatedLinearConstraints] #relevant_constraints=6 #num_inclusions=5 #num_redundant=1 
  3.42e-06s  0.00e+00d  [DetectDifferentVariables] 
  4.97e-06s  0.00e+00d  [ProcessSetPPC] 
  3.19e-05s  0.00e+00d  [TransformClausesToExactlyOne] 
  1.19e-06s  0.00e+00d  [DetectEncodedComplexDomains] 
  5.88e-06s  0.00e+00d  [FindAlmostIdenticalLinearConstraints] 
  9.73e-07s  0.00e+00d  [FindBigAtMostOneAndLinearOverlap] 
  2.68e-05s  3.17e-05d  [FindBigVerticalLinearOverlap] 
  6.12e-06s  9.10e-07d  [FindBigHorizontalLinearOverlap] #linears=6 
  1.28e-06s  0.00e+00d  [MergeClauses] 
  4.18e-05s  0.00e+00d  [DetectDominanceRelations] 
  2.21e-04s  0.00e+00d  [PresolveToFixPoint] #num_loops=1 #num_dual_strengthening=1 
  4.01e-05s  0.00e+00d  [DetectDominanceRelations] 
  2.16e-04s  0.00e+00d  [PresolveToFixPoint] #num_loops=1 #num_dual_strengthening=1 
  1.53e-05s  0.00e+00d  [DetectDuplicateColumns] 
  3.20e-06s  0.00e+00d  [DetectDuplicateConstraints] 
[Symmetry] Graph for symmetry has 184 nodes and 316 arcs.
[Symmetry] Symmetry computation done. time: 5.3423e-05 dtime: 2.206e-05
  4.14e-06s  0.00e+00d  [DetectDuplicateConstraintsWithDifferentEnforcements] 
  1.23e-04s  3.53e-07d  [Probe] 
  1.47e-06s  0.00e+00d  [MaxClique] 
  5.01e-05s  0.00e+00d  [DetectDominanceRelations] 
  2.27e-04s  0.00e+00d  [PresolveToFixPoint] #num_loops=1 #num_dual_strengthening=1 
  3.20e-05s  0.00e+00d  [ProcessAtMostOneAndLinear] 
  2.95e-06s  0.00e+00d  [DetectDuplicateConstraints] 
  2.54e-06s  0.00e+00d  [DetectDuplicateConstraintsWithDifferentEnforcements] 
  4.05e-05s  8.81e-07d  [DetectDominatedLinearConstraints] #relevant_constraints=6 #num_inclusions=4 #num_redundant=1 
  3.31e-06s  0.00e+00d  [DetectDifferentVariables] 
  4.90e-06s  0.00e+00d  [ProcessSetPPC] 
  3.04e-05s  0.00e+00d  [TransformClausesToExactlyOne] 
  1.06e-06s  0.00e+00d  [DetectEncodedComplexDomains] 
  4.86e-06s  0.00e+00d  [FindAlmostIdenticalLinearConstraints] 
  9.10e-07s  0.00e+00d  [FindBigAtMostOneAndLinearOverlap] 
  2.57e-05s  3.17e-05d  [FindBigVerticalLinearOverlap] 
  6.10e-06s  9.10e-07d  [FindBigHorizontalLinearOverlap] #linears=6 
  8.93e-07s  0.00e+00d  [MergeClauses] 
  4.11e-05s  0.00e+00d  [DetectDominanceRelations] 
  2.21e-04s  0.00e+00d  [PresolveToFixPoint] #num_loops=1 #num_dual_strengthening=1 
  1.72e-06s  0.00e+00d  [MergeNoOverlap] 
  1.45e-06s  0.00e+00d  [MergeNoOverlap2D] 

Presolve summary:
  - 0 affine relations were detected.
  - rule 'diophantine: reformulated equality' was applied 1 time.
  - rule 'linear inclusion: sparsify superset' was applied 6 times.
  - rule 'linear: divide by GCD' was applied 4 times.
  - rule 'linear: fixed or dup variables' was applied 1 time.
  - rule 'linear: singleton column' was applied 2 times.
  - rule 'presolve: 0 unused variables removed.' was applied 1 time.
  - rule 'presolve: iteration' was applied 3 times.

Presolved satisfaction model '': (model_fingerprint: 0xf4366a6ffa3a865b)
#Variables: 42 (41 primary variables)
  - 1 in [-36,67]
  - 21 in [0,3]
  - 1 in [0,5]
  - 1 in [0,7]
  - 1 in [0,10]
  - 1 in [0,14]
  - 1 in [0,18]
  - 2 in [0,21]
  - 4 in [0,22]
  - 4 in [0,23]
  - 1 in [0,24]
  - 1 in [0,26]
  - 1 in [0,27]
  - 1 in [0,29]
  - 1 in [0,30]
#kLinearN: 6 (#terms: 182)
[Symmetry] Graph for symmetry has 182 nodes and 316 arcs.
[Symmetry] Symmetry computation done. time: 5.447e-05 dtime: 2.194e-05

Preloading model.

Starting search at 0.01s with 1 workers.
1 full problem subsolver: [main]

[Precedences] num_relations=0 num_clauses=0
[Probing] deterministic_time: 0 (limit: 1) wall_time: 1.009e-06 (0/0)
[LinearRelaxationBeforeCliqueExpansion] #linear:6 #at_most_ones:0
[FinalLinearRelaxation] #linear:6 #cut_generators:0
Initial num_bool: 0

Starting subsolver 'main' hint search at 0.01s
Starting subsolver 'main' search at 0.01s

Task timing           n [     min,      max]      avg      dev     time         n [     min,      max]      avg      dev    dtime
      'main':         1 [  29.99s,   29.99s]   29.99s   0.00ns   29.99s         1 [  10.94s,   10.94s]   10.94s   0.00ns   10.94s

Search stats    Bools  Conflicts  Branches  Restarts  BacktrackToRoot  Backtrack  BoolPropag  IntegerPropag
       'main':    334     69'776   195'733       269           13'133    106'766   3'461'610      2'314'331

SAT formula    Fixed  Equiv  Total  VarLeft  BinaryClauses  PermanentClauses  TemporaryClauses
      'main':     31      0    334      303          1'140             1'548             9'315

SAT stats    ClassicMinim  LitRemoved  LitRemovedBinary  LitLearned  LitForgotten  Subsumed
    'main':        49'567     317'851           301'423   1'461'222       747'131    24'647

Vivification    Clauses  Decisions  LitTrue  Subsumed  LitRemoved  DecisionReused  Conflicts
       'main':   28'532     76'075        0        91         504          29'846          1

Clause deletion    at_true  l_and_not(l)  to_binary  sub_conflict  sub_extra  sub_decisions  sub_eager  sub_vivify  sub_probing  sub_inpro  blocked  eliminated  forgotten  promoted  conflicts
          'main':      257             5          0        21'618        260          1'737      3'029          91           46        172        0           0     31'624   148'299     69'776

Lp stats    Component  Iterations  AddedCuts  OPTIMAL  DUAL_F.  DUAL_U.
   'main':          1     250'897      4'275   58'863        0   30'344

Lp dimension    Final dimension of first component
       'main':     6 rows, 42 columns, 197 entries

Lp debug    CutPropag  CutEqPropag  Adjust  Overflow    Bad  BadScaling
   'main':         54        1'904  27'384         0  7'816           0

Lp pool    Constraints  Updates  Simplif  Merged  Shortened  Split  Strengthened    Cuts/Call
  'main':        4'254    1'460       79      27          0    134           478  4'275/4'852

Lp Cut            main
         CG_FF:    283
          CG_K:    258
          CG_R:  1'999
      MIR_1_FF:     76
       MIR_1_K:     73
       MIR_1_R:    827
      MIR_2_FF:     42
       MIR_2_K:     38
       MIR_2_R:    437
      MIR_3_FF:     14
       MIR_3_K:     10
       MIR_3_R:    167
      MIR_4_FF:      2
       MIR_4_K:      2
       MIR_4_R:     24
       MIR_5_R:      6
       MIR_6_R:      1
  ZERO_HALF_FF:      2
   ZERO_HALF_K:      1
   ZERO_HALF_R:     13

Solution repositories    Added  Queried  Synchro
    'alternative_path':      0        0        0
      'best_solutions':      0        0        0
   'fj solution hints':      0        0        0

LRAT_status: NA
CpSolverResponse summary:
status: UNKNOWN
objective: NA
best_bound: NA
integers: 42
booleans: 334
conflicts: 69776
branches: 195733
propagations: 3461610
integer_propagations: 2314331
restarts: 269
lp_iterations: 250897
walltime: 30.0041
usertime: 30.0041
deterministic_time: 10.9395
gap_integral: 0

{
  "K": 70,
  "D": 42,
  "status": "UNKNOWN",
  "seconds": 30.004085600000003,
  "targets": [
    20580,
    21781872,
    27445158720
  ]
}
