
Starting CP-SAT solver v9.15.6755
Parameters: max_time_in_seconds: 30 log_search_progress: true num_search_workers: 1

Initial satisfaction model '': (model_fingerprint: 0xf428f0a4d05d1599)
#Variables: 19 (18 primary variables)
  - 10 in [0,3]
  - 1 in [0,6]
  - 1 in [0,14]
  - 3 in [0,22]
  - 1 in [0,23]
  - 1 in [0,24]
  - 1 in [0,27]
  - 1 in [0,30]
#kLinearN: 5 (#terms: 82)

Starting presolve at 0.00s
  3.29e-05s  0.00e+00d  [DetectDominanceRelations] 
  3.29e-04s  0.00e+00d  [PresolveToFixPoint] #num_loops=2 #num_dual_strengthening=1 
  9.83e-06s  0.00e+00d  [ExtractEncodingFromLinear] 
  1.35e-05s  0.00e+00d  [DetectDuplicateColumns] 
  6.39e-06s  0.00e+00d  [DetectDuplicateConstraints] 
[Symmetry] Graph for symmetry has 75 nodes and 132 arcs.
[Symmetry] Symmetry computation done. time: 5.2762e-05 dtime: 9.24e-06
  4.52e-06s  0.00e+00d  [DetectDuplicateConstraintsWithDifferentEnforcements] 
  2.08e-04s  1.72e-07d  [Probe] 
  4.84e-06s  0.00e+00d  [MaxClique] 
  2.33e-05s  0.00e+00d  [DetectDominanceRelations] 
  1.14e-04s  0.00e+00d  [PresolveToFixPoint] #num_loops=1 #num_dual_strengthening=1 
  1.75e-05s  0.00e+00d  [ProcessAtMostOneAndLinear] 
  3.17e-06s  0.00e+00d  [DetectDuplicateConstraints] 
  2.08e-06s  0.00e+00d  [DetectDuplicateConstraintsWithDifferentEnforcements] 
  3.05e-05s  3.19e-07d  [DetectDominatedLinearConstraints] #relevant_constraints=5 #num_inclusions=4 #num_redundant=4 
  3.51e-06s  0.00e+00d  [DetectDifferentVariables] 
  3.35e-06s  0.00e+00d  [ProcessSetPPC] 
  3.34e-05s  0.00e+00d  [TransformClausesToExactlyOne] 
  1.20e-06s  0.00e+00d  [DetectEncodedComplexDomains] 
  6.71e-06s  0.00e+00d  [FindAlmostIdenticalLinearConstraints] 
  1.11e-06s  0.00e+00d  [FindBigAtMostOneAndLinearOverlap] 
  9.41e-06s  5.49e-06d  [FindBigVerticalLinearOverlap] 
  6.01e-06s  3.45e-07d  [FindBigHorizontalLinearOverlap] #linears=5 
  1.65e-06s  0.00e+00d  [MergeClauses] 
  2.65e-05s  0.00e+00d  [DetectDominanceRelations] 
  4.56e-04s  0.00e+00d  [PresolveToFixPoint] #num_loops=2 #num_dual_strengthening=1 
  2.07e-05s  0.00e+00d  [DetectDominanceRelations] 
  1.98e-04s  0.00e+00d  [PresolveToFixPoint] #num_loops=1 #num_dual_strengthening=1 
  9.70e-06s  0.00e+00d  [DetectDuplicateColumns] 
  3.24e-06s  0.00e+00d  [DetectDuplicateConstraints] 
[Symmetry] Graph for symmetry has 82 nodes and 133 arcs.
[Symmetry] Symmetry computation done. time: 3.4887e-05 dtime: 9.64e-06
  3.36e-06s  0.00e+00d  [DetectDuplicateConstraintsWithDifferentEnforcements] 
  9.18e-05s  1.55e-07d  [Probe] 
  2.08e-06s  0.00e+00d  [MaxClique] 
  2.10e-05s  0.00e+00d  [DetectDominanceRelations] 
  1.98e-04s  0.00e+00d  [PresolveToFixPoint] #num_loops=1 #num_dual_strengthening=1 
  1.51e-05s  0.00e+00d  [ProcessAtMostOneAndLinear] 
  2.64e-06s  0.00e+00d  [DetectDuplicateConstraints] 
  2.19e-06s  0.00e+00d  [DetectDuplicateConstraintsWithDifferentEnforcements] 
  2.64e-05s  4.71e-07d  [DetectDominatedLinearConstraints] #relevant_constraints=6 #num_inclusions=7 #num_redundant=1 
  2.47e-06s  0.00e+00d  [DetectDifferentVariables] 
  2.87e-06s  0.00e+00d  [ProcessSetPPC] 
  2.14e-05s  0.00e+00d  [TransformClausesToExactlyOne] 
  7.72e-07s  0.00e+00d  [DetectEncodedComplexDomains] 
  3.02e-06s  0.00e+00d  [FindAlmostIdenticalLinearConstraints] 
  7.22e-07s  0.00e+00d  [FindBigAtMostOneAndLinearOverlap] 
  9.99e-06s  5.68e-06d  [FindBigVerticalLinearOverlap] 
  4.98e-06s  3.80e-07d  [FindBigHorizontalLinearOverlap] #linears=6 
  8.61e-07s  0.00e+00d  [MergeClauses] 
  2.07e-05s  0.00e+00d  [DetectDominanceRelations] 
  1.99e-04s  0.00e+00d  [PresolveToFixPoint] #num_loops=1 #num_dual_strengthening=1 
  1.83e-05s  0.00e+00d  [DetectDominanceRelations] 
  1.81e-04s  0.00e+00d  [PresolveToFixPoint] #num_loops=1 #num_dual_strengthening=1 
  9.10e-06s  0.00e+00d  [DetectDuplicateColumns] 
  3.07e-06s  0.00e+00d  [DetectDuplicateConstraints] 
[Symmetry] Graph for symmetry has 80 nodes and 130 arcs.
[Symmetry] Symmetry computation done. time: 2.8346e-05 dtime: 9.07e-06
  3.75e-06s  0.00e+00d  [DetectDuplicateConstraintsWithDifferentEnforcements] 
  8.76e-05s  1.53e-07d  [Probe] 
  1.82e-06s  0.00e+00d  [MaxClique] 
  2.08e-05s  0.00e+00d  [DetectDominanceRelations] 
  1.99e-04s  0.00e+00d  [PresolveToFixPoint] #num_loops=1 #num_dual_strengthening=1 
  1.68e-05s  0.00e+00d  [ProcessAtMostOneAndLinear] 
  2.60e-06s  0.00e+00d  [DetectDuplicateConstraints] 
  2.56e-06s  0.00e+00d  [DetectDuplicateConstraintsWithDifferentEnforcements] 
  2.67e-05s  4.29e-07d  [DetectDominatedLinearConstraints] #relevant_constraints=6 #num_inclusions=6 #num_redundant=1 
  2.61e-06s  0.00e+00d  [DetectDifferentVariables] 
  2.59e-06s  0.00e+00d  [ProcessSetPPC] 
  2.24e-05s  0.00e+00d  [TransformClausesToExactlyOne] 
  6.91e-07s  0.00e+00d  [DetectEncodedComplexDomains] 
  3.20e-06s  0.00e+00d  [FindAlmostIdenticalLinearConstraints] 
  8.00e-07s  0.00e+00d  [FindBigAtMostOneAndLinearOverlap] 
  1.07e-05s  5.68e-06d  [FindBigVerticalLinearOverlap] 
  5.12e-06s  3.80e-07d  [FindBigHorizontalLinearOverlap] #linears=6 
  1.06e-06s  0.00e+00d  [MergeClauses] 
  1.92e-05s  0.00e+00d  [DetectDominanceRelations] 
  1.95e-04s  0.00e+00d  [PresolveToFixPoint] #num_loops=1 #num_dual_strengthening=1 
  1.61e-06s  0.00e+00d  [MergeNoOverlap] 
  1.12e-06s  0.00e+00d  [MergeNoOverlap2D] 

Presolve summary:
  - 0 affine relations were detected.
  - rule 'diophantine: reformulated equality' was applied 1 time.
  - rule 'linear inclusion: sparsify superset' was applied 6 times.
  - rule 'linear: divide by GCD' was applied 4 times.
  - rule 'linear: fixed or dup variables' was applied 1 time.
  - rule 'linear: singleton column' was applied 2 times.
  - rule 'presolve: 0 unused variables removed.' was applied 1 time.
  - rule 'presolve: iteration' was applied 3 times.

Presolved satisfaction model '': (model_fingerprint: 0x74d81dc5d69fb407)
#Variables: 18 (17 primary variables)
  - 1 in [-16,28]
  - 9 in [0,3]
  - 1 in [0,6]
  - 1 in [0,14]
  - 3 in [0,22]
  - 1 in [0,23]
  - 1 in [0,24]
  - 1 in [0,27]
#kLinearN: 6 (#terms: 76)
[Symmetry] Graph for symmetry has 78 nodes and 130 arcs.
[Symmetry] Symmetry computation done. time: 2.9053e-05 dtime: 8.95e-06

Preloading model.

Starting search at 0.01s with 1 workers.
1 full problem subsolver: [main]

[Precedences] num_relations=0 num_clauses=0
[Probing] deterministic_time: 0 (limit: 1) wall_time: 8.54e-07 (0/0)
[LinearRelaxationBeforeCliqueExpansion] #linear:6 #at_most_ones:0
[FinalLinearRelaxation] #linear:6 #cut_generators:0
Initial num_bool: 0

Starting subsolver 'main' hint search at 0.01s
Starting subsolver 'main' search at 0.01s
#1       0.90s main

Task timing           n [     min,      max]      avg      dev     time         n [     min,      max]      avg      dev    dtime
      'main':         1 [889.96ms, 889.96ms] 889.96ms   0.00ns 889.96ms         1 [198.60ms, 198.60ms] 198.60ms   0.00ns 198.60ms

Search stats    Bools  Conflicts  Branches  Restarts  BacktrackToRoot  Backtrack  BoolPropag  IntegerPropag
       'main':    133      5'258    15'187        42            1'507      9'007     172'337        122'282

SAT formula    Fixed  Equiv  Total  VarLeft  BinaryClauses  PermanentClauses  TemporaryClauses
      'main':     17      0    133      116            294               -76             1'464

SAT stats    ClassicMinim  LitRemoved  LitRemovedBinary  LitLearned  LitForgotten  Subsumed
    'main':         3'597      10'894             5'978      48'409             0     1'966

Vivification    Clauses  Decisions  LitTrue  Subsumed  LitRemoved  DecisionReused  Conflicts
       'main':    2'186      6'625        0        94         540           1'442          2

Clause deletion    at_true  l_and_not(l)  to_binary  sub_conflict  sub_extra  sub_decisions  sub_eager  sub_vivify  sub_probing  sub_inpro  blocked  eliminated  forgotten  promoted  conflicts
          'main':      170             0          0         1'668         50            149        298          94           53        974        0           0          0    10'224      5'258

Lp stats    Component  Iterations  AddedCuts  OPTIMAL  DUAL_F.  DUAL_U.
   'main':          1      15'866        628    4'443        0    1'239

Lp dimension    Final dimension of first component
       'main':    13 rows, 18 columns, 156 entries

Lp debug    CutPropag  CutEqPropag  Adjust  Overflow    Bad  BadScaling
   'main':         20          391   1'184         0  1'182           0

Lp pool    Constraints  Updates  Simplif  Merged  Shortened  Split  Strengthened  Cuts/Call
  'main':          631      295       19       3          0     38            34    628/742

Lp Cut          main
        CG_FF:    44
         CG_K:    39
         CG_R:   294
     MIR_1_FF:    18
      MIR_1_K:    17
      MIR_1_R:    95
     MIR_2_FF:     9
      MIR_2_K:     4
      MIR_2_R:    62
     MIR_3_FF:     3
      MIR_3_R:    27
      MIR_4_K:     1
      MIR_4_R:    11
      MIR_5_R:     2
  ZERO_HALF_R:     2

Solutions (1)    Num   Rank
        'main':    1  [0,0]

Solution repositories    Added  Queried  Synchro
    'alternative_path':      0        0        0
      'best_solutions':      1        0        1
   'fj solution hints':      0        0        0

LRAT_status: NA
CpSolverResponse summary:
status: OPTIMAL
objective: NA
best_bound: NA
integers: 18
booleans: 133
conflicts: 5258
branches: 15187
propagations: 172337
integer_propagations: 122282
restarts: 42
lp_iterations: 15866
walltime: 0.897269
usertime: 0.897269
deterministic_time: 0.19862
gap_integral: 0
solution_fingerprint: 0x40851a51795fa082

{
  "K": 70,
  "D": 18,
  "status": "OPTIMAL",
  "seconds": 0.897268913,
  "targets": [
    3780,
    734832,
    170061120
  ],
  "magnitude_counts": {
    "1": 3,
    "3": 3,
    "4": 1,
    "5": 3,
    "7": 9,
    "10": 1,
    "11": 2,
    "12": 1,
    "13": 4,
    "15": 4,
    "17": 4
  },
  "moments": [
    "1",
    "1/2",
    "1/3",
    "1/4",
    "1/5",
    "1/6",
    "1/7",
    "1/8"
  ]
}
