
Starting CP-SAT solver v9.15.6755
Parameters: max_time_in_seconds: 600 log_search_progress: true num_search_workers: 2

Initial satisfaction model '': (model_fingerprint: 0x809a789ad907d21d)
#Variables: 1'080 (1'054 primary variables)
  - 1'080 Booleans in [0,1]
#kExactlyOne: 9 (#literals: 1'080)
#kLinear1: 1
#kLinearN: 150 (#terms: 140'400)

Starting presolve at 0.04s
  2.35e-02s  0.00e+00d  [DetectDominanceRelations] 
  4.89e-03s  0.00e+00d  [DetectDominanceRelations] 
  1.63e-01s  0.00e+00d  [PresolveToFixPoint] #num_loops=3 #num_dual_strengthening=2 
  1.17e-03s  0.00e+00d  [ExtractEncodingFromLinear] #potential_supersets=8 
  4.91e-03s  0.00e+00d  [DetectDuplicateColumns] 
  1.59e-04s  0.00e+00d  [DetectDuplicateConstraints] 
[Symmetry] Graph for symmetry has 3'678 nodes and 65'320 arcs.
[Symmetry] Symmetry computation done. time: 0.00888686 dtime: 0.0093399
[Symmetry] #generators: 1, average support size: 432
[Symmetry] 216 orbits on 432 variables with sizes: 2,2,2,2,2,2,2,2,2,2,...
[Symmetry] Num fixable by intersecting at_most_one with orbits: 27 largest_orbit: 2
  1.85e-04s  0.00e+00d  [DetectDuplicateConstraintsWithDifferentEnforcements] 
  5.26e-02s  7.26e-02d  [Probe] #probed=906 
  5.60e-06s  0.00e+00d  [MaxClique] 
  5.67e-03s  0.00e+00d  [DetectDominanceRelations] 
  3.44e-02s  0.00e+00d  [PresolveToFixPoint] #num_loops=1 #num_dual_strengthening=1 
  1.92e-02s  0.00e+00d  [ProcessAtMostOneAndLinear] 
  1.55e-04s  0.00e+00d  [DetectDuplicateConstraints] 
  9.27e-05s  0.00e+00d  [DetectDuplicateConstraintsWithDifferentEnforcements] 
  1.17e-01s  2.77e-03d  [DetectDominatedLinearConstraints] #relevant_constraints=150 #num_inclusions=3'362 #num_redundant=119 
  3.18e-04s  0.00e+00d  [DetectDifferentVariables] 
  8.65e-02s  6.68e-04d  [ProcessSetPPC] #relevant_constraints=158 #num_inclusions=960 
  2.02e-04s  0.00e+00d  [TransformClausesToExactlyOne] 
  4.35e-06s  0.00e+00d  [DetectEncodedComplexDomains] 
  4.42e-04s  1.34e-03d  [FindAlmostIdenticalLinearConstraints] #num_tested_pairs=983 
  1.66e-01s  1.96e-01d  [FindBigAtMostOneAndLinearOverlap] #blocks=5 #saved_nz=536 
  1.90e-01s  6.86e-02d  [FindBigVerticalLinearOverlap] #blocks=347 #saved_nz=18'369 
  1.65e-02s  1.34e-02d  [FindBigHorizontalLinearOverlap] #linears=175 
  2.19e-05s  0.00e+00d  [MergeClauses] 
  2.11e-03s  0.00e+00d  [DetectDominanceRelations] 
  2.58e-02s  0.00e+00d  [PresolveToFixPoint] #num_loops=3 #num_dual_strengthening=1 
  1.94e-03s  0.00e+00d  [DetectDominanceRelations] 
  1.20e-02s  0.00e+00d  [PresolveToFixPoint] #num_loops=1 #num_dual_strengthening=1 
  6.51e-04s  0.00e+00d  [DetectDuplicateColumns] 
  9.14e-05s  0.00e+00d  [DetectDuplicateConstraints] 
[Symmetry] Graph for symmetry has 5'079 nodes and 22'468 arcs.
[Symmetry] Symmetry computation done. time: 0.00179814 dtime: 0.00155204
  1.56e-04s  0.00e+00d  [DetectDuplicateConstraintsWithDifferentEnforcements] 
  6.99e-01s  1.19e-01d  [Probe] #probed=1'310 #new_bounds=94 #new_binary_clauses=13'434 
  7.82e-06s  0.00e+00d  [MaxClique] 
  1.96e-03s  0.00e+00d  [DetectDominanceRelations] 
  2.06e-02s  0.00e+00d  [PresolveToFixPoint] #num_loops=2 #num_dual_strengthening=1 
  8.04e-03s  0.00e+00d  [ProcessAtMostOneAndLinear] 
  1.19e-04s  0.00e+00d  [DetectDuplicateConstraints] 
  5.67e-05s  0.00e+00d  [DetectDuplicateConstraintsWithDifferentEnforcements] 
  7.22e-04s  6.24e-05d  [DetectDominatedLinearConstraints] #relevant_constraints=215 
  1.15e-04s  0.00e+00d  [DetectDifferentVariables] 
  7.69e-04s  4.18e-05d  [ProcessSetPPC] #relevant_constraints=478 
  2.90e-04s  0.00e+00d  [TransformClausesToExactlyOne] 
  1.02e-05s  0.00e+00d  [DetectEncodedComplexDomains] 
  1.50e-04s  3.36e-05d  [FindAlmostIdenticalLinearConstraints] #num_tested_pairs=58 
  2.30e-02s  2.41e-02d  [FindBigAtMostOneAndLinearOverlap] 
  4.13e-02s  1.99e-02d  [FindBigVerticalLinearOverlap] #blocks=30 #saved_nz=1'482 
  1.15e-02s  1.13e-02d  [FindBigHorizontalLinearOverlap] #linears=190 
  2.54e-05s  0.00e+00d  [MergeClauses] 
  2.86e-03s  0.00e+00d  [DetectDominanceRelations] 
  2.29e-02s  0.00e+00d  [PresolveToFixPoint] #num_loops=2 #num_dual_strengthening=1 
  2.01e-03s  0.00e+00d  [DetectDominanceRelations] 
  1.45e-02s  0.00e+00d  [PresolveToFixPoint] #num_loops=1 #num_dual_strengthening=1 
  7.67e-04s  0.00e+00d  [DetectDuplicateColumns] 
  1.03e-04s  0.00e+00d  [DetectDuplicateConstraints] 
[Symmetry] Graph for symmetry has 5'133 nodes and 20'981 arcs.
[Symmetry] Symmetry computation done. time: 0.00196073 dtime: 0.00154365
  1.55e-04s  0.00e+00d  [DetectDuplicateConstraintsWithDifferentEnforcements] 
  6.33e-01s  1.05e-01d  [Probe] #probed=1'482 #new_bounds=19 #new_binary_clauses=20'247 
  7.23e-06s  0.00e+00d  [MaxClique] 
  1.89e-03s  0.00e+00d  [DetectDominanceRelations] 
  1.97e-02s  0.00e+00d  [PresolveToFixPoint] #num_loops=2 #num_dual_strengthening=1 
  6.97e-03s  0.00e+00d  [ProcessAtMostOneAndLinear] 
  9.38e-05s  0.00e+00d  [DetectDuplicateConstraints] 
  5.74e-05s  0.00e+00d  [DetectDuplicateConstraintsWithDifferentEnforcements] 
  7.29e-04s  5.73e-05d  [DetectDominatedLinearConstraints] #relevant_constraints=230 
  1.21e-04s  0.00e+00d  [DetectDifferentVariables] 
  7.62e-04s  3.73e-05d  [ProcessSetPPC] #relevant_constraints=514 
  2.13e-04s  0.00e+00d  [TransformClausesToExactlyOne] 
  1.04e-05s  0.00e+00d  [DetectEncodedComplexDomains] 
  1.49e-04s  1.82e-05d  [FindAlmostIdenticalLinearConstraints] #num_tested_pairs=33 
  1.75e-02s  1.93e-02d  [FindBigAtMostOneAndLinearOverlap] 
  3.11e-02s  1.67e-02d  [FindBigVerticalLinearOverlap] #blocks=16 #saved_nz=731 
  9.05e-03s  9.72e-03d  [FindBigHorizontalLinearOverlap] #linears=204 
  2.67e-05s  0.00e+00d  [MergeClauses] 
  2.36e-03s  0.00e+00d  [DetectDominanceRelations] 
  2.41e-02s  0.00e+00d  [PresolveToFixPoint] #num_loops=2 #num_dual_strengthening=1 
  5.01e-06s  0.00e+00d  [MergeNoOverlap] 
  5.03e-06s  0.00e+00d  [MergeNoOverlap2D] 

Presolve summary:
  - 0 affine relations were detected.
  - rule 'domination: in exactly one' was applied 480 times.
  - rule 'exactly_one: removed literals' was applied 9 times.
  - rule 'exactly_one: satisfied' was applied 1 time.
  - rule 'linear inclusion: sparsify superset' was applied 119 times.
  - rule 'linear matrix: common amo rectangle' was applied 5 times.
  - rule 'linear matrix: common vertical rectangle' was applied 393 times.
  - rule 'linear1: x in domain' was applied 1 time.
  - rule 'linear: divide by GCD' was applied 120 times.
  - rule 'linear: fixed or dup variables' was applied 447 times.
  - rule 'linear: positive equal one' was applied 294 times.
  - rule 'linear: reduced variable domains' was applied 102 times.
  - rule 'linear: reduced variable domains in derived constraint' was applied 2 times.
  - rule 'linear: variable substitution 2' was applied 2 times.
  - rule 'linear: variable substitution 3' was applied 1 time.
  - rule 'new_bool: with clause' was applied 5 times.
  - rule 'presolve: 627 unused variables removed.' was applied 1 time.
  - rule 'presolve: iteration' was applied 3 times.
  - rule 'setppc: exactly_one included in linear' was applied 960 times.
  - rule 'setppc: reduced linear coefficients' was applied 960 times.
  - rule 'symmetry: fixed to false in general orbit' was applied 27 times.

Presolved satisfaction model '': (model_fingerprint: 0xc21f7cd25909409b)
#Variables: 848 (446 primary variables)
  - 752 Booleans in [0,1]
  - 1 in [-91,9]
  - 1 in [-75,9]
  - 1 in [-40,9]
  - 1 in [-24,63]
  - 1 in [0][3][11][13,18][20][24][26,33][35]
  - 1 in [0][3,4][7]
  - 1 in [0][4][8,9][11,13][15][17][19,26][28][30,37][39][41,48][50]
  - 1 in [0][4][8,9][11,13][15,50]
  - 1 in [0][5][7][11,12][14][16,19][22,25][27,31] ... 55,59][61,64][66,70][72,75][78,81][83][85,86][90]
  - 1 in [0][8,9][11,12][17][19,21][23][25,26][28,29][31,32][34][36,38][40][45,46][48,49]
  - 1 in [0][9][11][13][15][17][20][22][24][26][28][30][32,33][35][37]
  - 1 in [0][9][11][13][15][17][20][22][24][26][28][30][32,33][35][37][39][41][43][45,46][48][50]
  - 1 in [0][9][11][13][15][17][20][22][24][26][28][30][32,35][37]
  - 1 in [0][9][11][13][15][17][20][22][24][26][28][30,35][37]
  - 1 in [0][9][11][13][15][17,18][20][22][24][26][28,35][37]
  - 1 in [0][9][11][13][15][17,18][20][22][24][26,33][35][37,44]
  - 1 in [0][9][11][13][17,18][20][22][24][26][28,31][33][35][37][39,42][44][46][48][50]
  - 1 in [0][9][11][15][20][24][26][30][35]
  - 1 in [0][9][13][15][17][22][24][26][28][30][32][35][37][39][41][43][45][50]
  - 1 in [0][9][15][17][24][26][32]
  - 1 in [0][9][17][26]
  - 1 in [0][11][13][15][17][24][26][28][30][32]
  - 1 in [0][11][13][15][17][24][26][28][30][32][39][41][43][45]
  - 1 in [0][11][13][22][24]
  - 1 in [0][11][13][22][24][26][33][35][37]
  - 2 in [0][11][13][24]
  - 2 in [0][13][15][17][28][30][32]
  - 1 in [0][13][15][17][28][30][32][34]
  - 1 in [0][13][15][17][28][30][32][45]
  - 1 in [0,1][3,64]
  - 1 in [0,1][3,76]
  - 36 in [0,2]
  - 3 in [0,3]
  - 1 in [0,4]
  - 1 in [0,5][7,29][31,36]
  - 1 in [0,7]
  - 1 in [0,8]
  - 6 in [0,9]
  - 1 in [0,12]
  - 4 in [0,38]
  - 1 in [0,44]
  - 1 in [0,46]
  - 1 in [0,49]
  - 5 in [0,50]
  - 1 in [0,100]
#kExactlyOne: 307 (#literals: 1'364)
#kLinear3: 20
#kLinearN: 226 (#terms: 15'692)
[Symmetry] Graph for symmetry has 4'523 nodes and 20'238 arcs.
[Symmetry] Symmetry computation done. time: 0.00188028 dtime: 0.00148297

Preloading model.
#Model   2.57s var:848/848 constraints:553/553

Starting search at 2.57s with 2 workers.
1 full problem subsolver: [default_lp]
1 first solution subsolver: [fj]
2 interleaved subsolvers: [feasibility_pump, rins/rens]
2 helper subsolvers: [neighborhood_helper, synchronization_agent]

#Done    5.24s default_lp

Task timing                   n [     min,      max]      avg      dev     time         n [     min,      max]      avg      dev    dtime
        'default_lp':         1 [   2.66s,    2.66s]    2.66s   0.00ns    2.66s         2 [127.89ms,    1.09s] 608.80ms 480.91ms    1.22s
  'feasibility_pump':        24 [347.15us, 232.25ms]  10.72ms  46.28ms 257.37ms        23 [126.61us, 191.71ms]   8.46ms  39.07ms 194.49ms
                'fj':        17 [ 14.87ms, 178.92ms] 141.59ms  41.14ms    2.41s        17 [  7.38ms, 100.54ms]  94.99ms  21.90ms    1.61s
         'rins/rens':         0 [  0.00ns,   0.00ns]   0.00ns   0.00ns   0.00ns         0 [  0.00ns,   0.00ns]   0.00ns   0.00ns   0.00ns

Search stats     Bools  Conflicts  Branches  Restarts  BacktrackToRoot  Backtrack  BoolPropag  IntegerPropag
  'default_lp':    752          8     5'163         0            2'601      3'631     150'689      1'327'240

SAT formula      Fixed  Equiv  Total  VarLeft  BinaryClauses  PermanentClauses  TemporaryClauses
  'default_lp':     41      0    752      711          5'460               302                 2

SAT stats        ClassicMinim  LitRemoved  LitRemovedBinary  LitLearned  LitForgotten  Subsumed
  'default_lp':             6          16                21          56             0         2

Vivification     Clauses  Decisions  LitTrue  Subsumed  LitRemoved  DecisionReused  Conflicts
  'default_lp':      615      2'145        0         8          33               1          0

Clause deletion    at_true  l_and_not(l)  to_binary  sub_conflict  sub_extra  sub_decisions  sub_eager  sub_vivify  sub_probing  sub_inpro  blocked  eliminated  forgotten  promoted  conflicts
    'default_lp':        0             0          0             2          0              0          0           8            0          0        0           0          0         3          8

Lp stats         Component  Iterations  AddedCuts  OPTIMAL  DUAL_F.  DUAL_U.
  'default_lp':          1       5'238        343       17        1        9

Lp dimension       Final dimension of first component
  'default_lp':  557 rows, 842 columns, 16672 entries

Lp debug         CutPropag  CutEqPropag  Adjust  Overflow  Bad  BadScaling
  'default_lp':          0            0       9         0    0           0

Lp pool          Constraints  Updates  Simplif  Merged  Shortened  Split  Strengthened  Cuts/Call
  'default_lp':          895        0        0       0          0      0             0    343/400

Lp Cut    default_lp
     IB:         343

LNS stats       Improv/Calls  Closed  Difficulty  TimeLimit
  'rins/rens':           0/0      0%    5.00e-01       0.10

LS stats                                    Batches  Restarts/Perturbs  LinMoves  GenMoves  CompoundMoves  Bactracks  WeightUpdates  ScoreComputed
                             'fj_restart':        1                  1     2'103         0              0          0            443         87'364
                'fj_restart_compound_obj':        2                  2         0     5'700          1'150      2'272             24        402'689
            'fj_restart_compound_perturb':        3                  2         0     8'532          1'438      3'545             80        629'214
                       'fj_restart_decay':        2                  1     4'319         0              0          0            851        144'047
              'fj_restart_decay_compound':        1                  1         0     3'284            748      1'266             24        208'023
      'fj_restart_decay_compound_perturb':        2                  2         0     6'294          1'238      2'526             47        400'421
  'fj_restart_decay_compound_perturb_obj':        2                  1         0     6'680          1'003      2'838             35        379'426
           'fj_restart_decay_perturb_obj':        1                  1     2'812         0              0          0            389         78'045
                         'fj_restart_obj':        2                  2     2'401         0              0          0            530         77'604
                 'fj_restart_perturb_obj':        1                  1     2'265         0              0          0            433         75'918

Solution repositories    Added  Queried  Synchro
    'alternative_path':      0        0        0
      'best_solutions':      0        0        0
   'fj solution hints':      6        0        6
        'lp solutions':      0        0        0
                'pump':      0        0

Improving bounds shared    Num  Sym
            'default_lp':   38    0

Clauses shared    #Exported  #Imported  #BinaryRead  #BinaryTotal
   'default_lp':          0          0            0             0

LRAT_status: NA
CpSolverResponse summary:
status: INFEASIBLE
objective: NA
best_bound: NA
integers: 2329
booleans: 752
conflicts: 8
branches: 5163
propagations: 150689
integer_propagations: 1327240
restarts: 0
lp_iterations: 5238
walltime: 5.24531
usertime: 5.24531
deterministic_time: 3.70787
gap_integral: 0

{
  "blocks": 9,
  "sides": 18,
  "status": "INFEASIBLE",
  "seconds": 5.24531096
}
