{
  "blocks": 10,
  "lp_status": "Optimization terminated successfully. (HiGHS Status 7: Optimal)",
  "strict_separator": true,
  "coefficients": [
    10,
    10,
    10,
    -10,
    10,
    -8,
    -10,
    -8,
    10,
    10,
    -3,
    -10,
    -2,
    10,
    -6,
    10,
    10,
    10,
    -10,
    10,
    -10,
    10,
    10,
    -10,
    -8,
    -10,
    0,
    10,
    10,
    6,
    -10,
    -10,
    10,
    10,
    10,
    10,
    8,
    -6,
    -10,
    -8,
    10,
    -10,
    6,
    10,
    -10,
    -8,
    10,
    -10,
    -10,
    -10,
    -10,
    -6,
    -7,
    -1,
    10,
    10,
    -10,
    -10,
    -10,
    -10,
    -10,
    10,
    -10,
    -10,
    10,
    8,
    -10,
    10,
    -10,
    -10,
    10,
    10,
    -10,
    10,
    10,
    10,
    10,
    -10,
    0,
    10,
    -8,
    -10,
    7,
    5,
    -10,
    -6,
    10,
    10,
    -10,
    -10,
    -10,
    10,
    10,
    10,
    10,
    8,
    -10,
    10,
    10,
    -2,
    10,
    -10,
    4,
    10,
    -8,
    -10,
    10,
    -2,
    10,
    3,
    10,
    10,
    -10,
    -10,
    -10,
    -10,
    10,
    10,
    10,
    10
  ],
  "margin": 2142,
  "slot_minima": [
    -2652,
    -2340,
    -2028,
    -1716,
    -1404,
    -1092,
    -780,
    -468,
    -156
  ],
  "first_score": 14778
}
