False (0, 1, 2, 3) False
False (0, 1, 3, 2) False
False (0, 2, 1, 3) False
False (0, 2, 3, 1) False
False (0, 3, 1, 2) False
False (0, 3, 2, 1) False
False (1, 0, 2, 3) False
False (1, 0, 3, 2) False
False (1, 2, 0, 3) False
False (1, 2, 3, 0) False
False (1, 3, 0, 2) False
False (1, 3, 2, 0) False
False (2, 0, 1, 3) False
False (2, 0, 3, 1) False
False (2, 1, 0, 3) False
False (2, 1, 3, 0) False
False (2, 3, 0, 1) False
False (2, 3, 1, 0) False
False (3, 0, 1, 2) False
False (3, 0, 2, 1) False
False (3, 1, 0, 2) False
False (3, 1, 2, 0) False
False (3, 2, 0, 1) False
False (3, 2, 1, 0) False
True (0, 1, 2, 3) False
True (0, 1, 3, 2) False
True (0, 2, 1, 3) False
True (0, 2, 3, 1) False
True (0, 3, 1, 2) False
True (0, 3, 2, 1) False
True (1, 0, 2, 3) False
True (1, 0, 3, 2) False
True (1, 2, 0, 3) False
True (1, 2, 3, 0) False
True (1, 3, 0, 2) False
True (1, 3, 2, 0) False
True (2, 0, 1, 3) False
True (2, 0, 3, 1) False
True (2, 1, 0, 3) False
True (2, 1, 3, 0) False
True (2, 3, 0, 1) False
True (2, 3, 1, 0) False
True (3, 0, 1, 2) False
True (3, 0, 2, 1) False
True (3, 1, 0, 2) False
True (3, 1, 2, 0) False
True (3, 2, 0, 1) False
True (3, 2, 1, 0) False
Feasible 0 of 48
