seed defect range -1248 992 distinct orbit 720
No 2+2+1 orbit relation

Starting CP-SAT solver v9.15.6755
Parameters: max_time_in_seconds: 600 log_search_progress: true num_search_workers: 2

Initial satisfaction model '': (model_fingerprint: 0x3122c8b1e4d2668e)
#Variables: 720 (719 primary variables)
  - 720 in [0,5]
#kLinear1: 1
#kLinearN: 721 (#terms: 519'120)

Starting presolve at 0.11s
  8.36e-02s  0.00e+00d  [DetectDominanceRelations] 
  1.46e+00s  0.00e+00d  [PresolveToFixPoint] #num_loops=2 #num_dual_strengthening=1 
  2.28e-04s  0.00e+00d  [ExtractEncodingFromLinear] 
  8.19e-02s  0.00e+00d  [DetectDuplicateColumns] 
  2.27e-03s  0.00e+00d  [DetectDuplicateConstraints] 
[Symmetry] Graph for symmetry has 57'807 nodes and 1'007'230 arcs.
[Symmetry] Symmetry computation done. time: 0.114754 dtime: 0.101348
[Symmetry] #generators: 360, average support size: 2
[Symmetry] 360 orbits on 720 variables with sizes: 2,2,2,2,2,2,2,2,2,2,...
[Symmetry] Found orbitope of size 1 x 2
  2.26e-03s  0.00e+00d  [DetectDuplicateConstraintsWithDifferentEnforcements] 
  3.25e-01s  2.17e-03d  [Probe] 
  3.56e-05s  0.00e+00d  [MaxClique] 
  8.83e-02s  0.00e+00d  [DetectDominanceRelations] 
  5.22e-01s  0.00e+00d  [PresolveToFixPoint] #num_loops=1 #num_dual_strengthening=1 
  8.05e-02s  0.00e+00d  [ProcessAtMostOneAndLinear] 
  2.13e-03s  0.00e+00d  [DetectDuplicateConstraints] 
  2.40e-03s  0.00e+00d  [DetectDuplicateConstraintsWithDifferentEnforcements] 
  6.23e-02s  1.00e-01d  [DetectDominatedLinearConstraints] #relevant_constraints=1'441 
  4.82e-03s  0.00e+00d  [DetectDifferentVariables] 
  1.10e-02s  0.00e+00d  [ProcessSetPPC] 
  4.89e-03s  0.00e+00d  [TransformClausesToExactlyOne] 
  5.77e-05s  0.00e+00d  [DetectEncodedComplexDomains] 
  1.64e-01s  9.40e-02d  [FindAlmostIdenticalLinearConstraints] #num_tested_pairs=28'092 #found=720 
  1.05e-05s  0.00e+00d  [FindBigAtMostOneAndLinearOverlap] 
  3.41e+00s  1.00e+00d *[FindBigVerticalLinearOverlap] #blocks=358 #saved_nz=118'508 
  1.53e-01s  1.34e-01d  [FindBigHorizontalLinearOverlap] #blocks=135 #saved_nz=67'488 #linears=722 
  5.29e-05s  0.00e+00d  [MergeClauses] 
  3.04e-02s  0.00e+00d  [DetectDominanceRelations] 
  6.44e-01s  0.00e+00d  [PresolveToFixPoint] #num_loops=6 #num_dual_strengthening=1 
  2.86e-02s  0.00e+00d  [DetectDominanceRelations] 
  1.79e-01s  0.00e+00d  [PresolveToFixPoint] #num_loops=1 #num_dual_strengthening=1 
  2.02e-02s  0.00e+00d  [DetectDuplicateColumns] 
  1.01e-03s  0.00e+00d  [DetectDuplicateConstraints] 
[Symmetry] Graph for symmetry has 59'538 nodes and 346'907 arcs.
[Symmetry] Symmetry computation done. time: 0.0303934 dtime: 0.0230904
  9.85e-04s  0.00e+00d  [DetectDuplicateConstraintsWithDifferentEnforcements] 
  1.11e-01s  6.92e-04d  [Probe] 
  3.90e-05s  0.00e+00d  [MaxClique] 
  2.74e-02s  0.00e+00d  [DetectDominanceRelations] 
  1.69e-01s  0.00e+00d  [PresolveToFixPoint] #num_loops=1 #num_dual_strengthening=1 
  2.39e-02s  0.00e+00d  [ProcessAtMostOneAndLinear] 
  8.44e-04s  0.00e+00d  [DetectDuplicateConstraints] 
  6.68e-04s  0.00e+00d  [DetectDuplicateConstraintsWithDifferentEnforcements] 
  2.18e-02s  4.03e-02d  [DetectDominatedLinearConstraints] #relevant_constraints=1'214 
  1.92e-03s  0.00e+00d  [DetectDifferentVariables] 
  4.18e-03s  0.00e+00d  [ProcessSetPPC] 
  3.20e-04s  0.00e+00d  [TransformClausesToExactlyOne] 
  2.52e-05s  0.00e+00d  [DetectEncodedComplexDomains] 
  1.71e-03s  3.79e-04d  [FindAlmostIdenticalLinearConstraints] #num_tested_pairs=358 #found=3 
  7.70e-06s  0.00e+00d  [FindBigAtMostOneAndLinearOverlap] 
  2.59e+00s  8.53e-01d  [FindBigVerticalLinearOverlap] #blocks=1'043 #saved_nz=151'994 
  4.74e-01s  5.76e-01d  [FindBigHorizontalLinearOverlap] #linears=892 
  5.84e-05s  0.00e+00d  [MergeClauses] 
  1.53e-02s  0.00e+00d  [DetectDominanceRelations] 
  8.18e-01s  0.00e+00d  [PresolveToFixPoint] #num_loops=11 #num_dual_strengthening=1 
  1.47e-02s  0.00e+00d  [DetectDominanceRelations] 
  9.59e-02s  0.00e+00d  [PresolveToFixPoint] #num_loops=1 #num_dual_strengthening=1 
  5.87e-03s  0.00e+00d  [DetectDuplicateColumns] 
  7.61e-04s  0.00e+00d  [DetectDuplicateConstraints] 
[Symmetry] Graph for symmetry has 57'901 nodes and 190'940 arcs.
[Symmetry] Symmetry computation done. time: 0.0249996 dtime: 0.0163447
  7.32e-04s  0.00e+00d  [DetectDuplicateConstraintsWithDifferentEnforcements] 
  6.89e-02s  3.53e-04d  [Probe] 
  4.18e-05s  0.00e+00d  [MaxClique] 
  1.56e-02s  0.00e+00d  [DetectDominanceRelations] 
  9.51e-02s  0.00e+00d  [PresolveToFixPoint] #num_loops=1 #num_dual_strengthening=1 
  1.38e-02s  0.00e+00d  [ProcessAtMostOneAndLinear] 
  6.81e-04s  0.00e+00d  [DetectDuplicateConstraints] 
  4.67e-04s  0.00e+00d  [DetectDuplicateConstraintsWithDifferentEnforcements] 
  1.21e-02s  1.01e-03d  [DetectDominatedLinearConstraints] #relevant_constraints=2'219 
  1.13e-03s  0.00e+00d  [DetectDifferentVariables] 
  1.76e-03s  0.00e+00d  [ProcessSetPPC] 
  4.46e-04s  0.00e+00d  [TransformClausesToExactlyOne] 
  3.17e-05s  0.00e+00d  [DetectEncodedComplexDomains] 
  1.42e-03s  9.56e-05d  [FindAlmostIdenticalLinearConstraints] #num_tested_pairs=1'003 
  1.18e-05s  0.00e+00d  [FindBigAtMostOneAndLinearOverlap] 
  4.95e-01s  2.30e-01d  [FindBigVerticalLinearOverlap] #blocks=328 #saved_nz=14'173 
  4.20e-01s  5.31e-01d  [FindBigHorizontalLinearOverlap] #linears=948 
  6.61e-05s  0.00e+00d  [MergeClauses] 
  1.34e-02s  0.00e+00d  [DetectDominanceRelations] 
  2.10e-01s  0.00e+00d  [PresolveToFixPoint] #num_loops=5 #num_dual_strengthening=1 
  2.18e-05s  0.00e+00d  [MergeNoOverlap] 
  2.03e-05s  0.00e+00d  [MergeNoOverlap2D] 

Presolve summary:
  - 363 affine relations were detected.
  - rule 'affine: new relation' was applied 363 times.
  - rule 'diophantine: reformulated equality' was applied 720 times.
  - rule 'linear matrix: common horizontal rectangle' was applied 135 times.
  - rule 'linear matrix: common horizontal rectangle extension' was applied 10 times.
  - rule 'linear matrix: common vertical rectangle' was applied 1'729 times.
  - rule 'linear matrix: defining equation for common rectangle' was applied 1 time.
  - rule 'linear1: x in domain' was applied 1 time.
  - rule 'linear: advanced affine relation from 2 constraints' was applied 723 times.
  - rule 'linear: divide by GCD' was applied 1'440 times.
  - rule 'linear: empty' was applied 360 times.
  - rule 'linear: fixed or dup variables' was applied 1'800 times.
  - rule 'linear: reduced variable domains' was applied 6'726 times.
  - rule 'linear: remapped using affine relations' was applied 1'153 times.
  - rule 'linear: variable substitution 2' was applied 39 times.
  - rule 'linear: variable substitution 3' was applied 12 times.
  - rule 'presolve: 0 unused variables removed.' was applied 1 time.
  - rule 'presolve: iteration' was applied 3 times.

Presolved satisfaction model '': (model_fingerprint: 0xcad118fa7e4fc1db)
#Variables: 2'889 (1'211 primary variables)
  - 515 different domains in [-34040,16384] with a largest complexity of 43.
#kLinear3: 1'436
#kLinearN: 1'094 (#terms: 119'742)
[Symmetry] Graph for symmetry has 58'020 nodes and 176'651 arcs.
[Symmetry] Symmetry computation done. time: 0.0228604 dtime: 0.0158988

Preloading model.
#Model  13.41s var:2889/2889 constraints:2530/2530

Starting search at 13.41s with 2 workers.
1 full problem subsolver: [default_lp]
1 first solution subsolver: [fj]
2 interleaved subsolvers: [feasibility_pump, rins/rens]
2 helper subsolvers: [neighborhood_helper, synchronization_agent]

