
Starting CP-SAT solver v9.15.6755
Parameters: random_seed: 0 max_time_in_seconds: 30 log_search_progress: true num_search_workers: 8

Initial satisfaction model '': (model_fingerprint: 0x6a8427b8ed2441f5)
#Variables: 1'692 (1'671 primary variables)
  - 1'620 Booleans in [0,1]
  - 72 in [0,5]
#kAllDiff: 12
#kLinear1: 6
#kLinear2: 3'240 (#enforced: 360)
#kLinear3: 1'440
#kLinearN: 180 (#terms: 4'740)

Starting presolve at 0.01s
  1.26e-03s  0.00e+00d  [DetectDominanceRelations] 
  2.68e-02s  0.00e+00d  [PresolveToFixPoint] #num_loops=2 #num_dual_strengthening=1 
  1.45e-04s  0.00e+00d  [ExtractEncodingFromLinear] #potential_supersets=15 
  6.77e-04s  0.00e+00d  [DetectDuplicateColumns] 
  3.06e-04s  0.00e+00d  [DetectDuplicateConstraints] 
[Symmetry] Graph for symmetry has 8'989 nodes and 20'832 arcs.
[Symmetry] Symmetry computation done. time: 0.00356335 dtime: 0.00329594
[SAT presolve] num removable Booleans: 0 / 1'881
[SAT presolve] num trivial clauses: 0
[SAT presolve] [0s] clauses:3'960 literals:9'240 vars:1'485 one_side_vars:0 simple_definition:1'320 singleton_clauses:0
[SAT presolve] [0.000392858s] clauses:3'960 literals:9'240 vars:1'485 one_side_vars:0 simple_definition:1'320 singleton_clauses:0
[SAT presolve] [0.000548998s] clauses:3'960 literals:9'240 vars:1'485 one_side_vars:0 simple_definition:1'320 singleton_clauses:0
  3.38e-04s  0.00e+00d  [DetectDuplicateConstraintsWithDifferentEnforcements] 
  4.77e-02s  1.54e-02d  [Probe] #probed=4'158 #new_binary_clauses=4'100 
  4.00e-03s  3.02e-03d  [MaxClique] 
  1.58e-03s  0.00e+00d  [DetectDominanceRelations] 
  1.37e-02s  0.00e+00d  [PresolveToFixPoint] #num_loops=2 #num_dual_strengthening=1 
  2.06e-03s  0.00e+00d  [ProcessAtMostOneAndLinear] 
  2.93e-04s  0.00e+00d  [DetectDuplicateConstraints] 
  2.43e-04s  0.00e+00d  [DetectDuplicateConstraintsWithDifferentEnforcements] 
  5.70e-04s  1.71e-05d  [DetectDominatedLinearConstraints] #relevant_constraints=195 #num_inclusions=150 #num_redundant=150 
  6.86e-04s  0.00e+00d  [DetectDifferentVariables] #different=165 #cliques=11 #size=66 
  4.26e-03s  1.49e-04d  [ProcessSetPPC] #relevant_constraints=4'236 #num_inclusions=4'305 
  1.16e-03s  4.98e-05d  [TransformClausesToExactlyOne] #num_amos=2'640 #num_clauses=1'320 #num_checked=1'320 
  9.28e-04s  0.00e+00d  [DetectEncodedComplexDomains] 
  2.34e-04s  4.93e-05d  [FindAlmostIdenticalLinearConstraints] #num_tested_pairs=340 
  2.12e-03s  1.32e-03d  [FindBigAtMostOneAndLinearOverlap] 
  8.59e-04s  6.22e-04d  [FindBigVerticalLinearOverlap] 
  1.35e-04s  1.94e-05d  [FindBigHorizontalLinearOverlap] #linears=180 
  5.45e-04s  1.98e-05d  [MergeClauses] 
  1.56e-03s  0.00e+00d  [DetectDominanceRelations] 
  9.06e-03s  0.00e+00d  [PresolveToFixPoint] #num_loops=1 #num_dual_strengthening=1 
  1.98e-03s  0.00e+00d  [DetectDominanceRelations] 
  1.06e-02s  0.00e+00d  [PresolveToFixPoint] #num_loops=1 #num_dual_strengthening=1 
  3.38e-04s  0.00e+00d  [DetectDuplicateColumns] 
  2.29e-04s  0.00e+00d  [DetectDuplicateConstraints] 
[Symmetry] Graph for symmetry has 8'838 nodes and 20'212 arcs.
[Symmetry] Symmetry computation done. time: 0.00345561 dtime: 0.00329062
[SAT presolve] num removable Booleans: 0 / 1'881
[SAT presolve] num trivial clauses: 0
[SAT presolve] [0s] clauses:3'960 literals:9'240 vars:1'485 one_side_vars:0 simple_definition:1'320 singleton_clauses:0
[SAT presolve] [0.000401631s] clauses:3'960 literals:9'240 vars:1'485 one_side_vars:0 simple_definition:1'320 singleton_clauses:0
[SAT presolve] [0.000527698s] clauses:3'960 literals:9'240 vars:1'485 one_side_vars:0 simple_definition:1'320 singleton_clauses:0
  3.97e-04s  0.00e+00d  [DetectDuplicateConstraintsWithDifferentEnforcements] 
  4.59e-02s  1.54e-02d  [Probe] #probed=4'158 #new_binary_clauses=4'224 
  4.52e-03s  3.22e-03d  [MaxClique] 
  1.68e-03s  0.00e+00d  [DetectDominanceRelations] 
  1.39e-02s  0.00e+00d  [PresolveToFixPoint] #num_loops=1 #num_dual_strengthening=1 
  1.94e-03s  0.00e+00d  [ProcessAtMostOneAndLinear] 
  3.69e-04s  0.00e+00d  [DetectDuplicateConstraints] 
  2.92e-04s  0.00e+00d  [DetectDuplicateConstraintsWithDifferentEnforcements] 
  5.73e-04s  1.31e-05d  [DetectDominatedLinearConstraints] #relevant_constraints=180 #num_inclusions=165 #num_redundant=165 
  2.42e-04s  0.00e+00d  [DetectDifferentVariables] 
  3.13e-03s  1.24e-04d  [ProcessSetPPC] #relevant_constraints=4'236 #num_inclusions=3'820 
  1.25e-03s  4.98e-05d  [TransformClausesToExactlyOne] #num_amos=2'640 #num_clauses=1'320 #num_checked=1'320 
  1.02e-03s  0.00e+00d  [DetectEncodedComplexDomains] 
  2.97e-04s  2.91e-05d  [FindAlmostIdenticalLinearConstraints] #num_tested_pairs=242 
  2.66e-03s  1.16e-03d  [FindBigAtMostOneAndLinearOverlap] 
  1.11e-03s  5.39e-04d  [FindBigVerticalLinearOverlap] 
  2.95e-04s  1.65e-05d  [FindBigHorizontalLinearOverlap] #linears=135 
  1.03e-03s  1.98e-05d  [MergeClauses] 
  2.17e-03s  0.00e+00d  [DetectDominanceRelations] 
  1.27e-02s  0.00e+00d  [PresolveToFixPoint] #num_loops=1 #num_dual_strengthening=1 
  1.53e-03s  0.00e+00d  [DetectDominanceRelations] 
  9.06e-03s  0.00e+00d  [PresolveToFixPoint] #num_loops=1 #num_dual_strengthening=1 
  3.66e-04s  0.00e+00d  [DetectDuplicateColumns] 
  2.86e-04s  0.00e+00d  [DetectDuplicateConstraints] 
[Symmetry] Graph for symmetry has 8'684 nodes and 19'678 arcs.
[Symmetry] Symmetry computation done. time: 0.002798 dtime: 0.00323383
[SAT presolve] num removable Booleans: 0 / 1'881
[SAT presolve] num trivial clauses: 0
[SAT presolve] [0s] clauses:3'960 literals:9'240 vars:1'485 one_side_vars:0 simple_definition:1'320 singleton_clauses:0
[SAT presolve] [0.000434124s] clauses:3'960 literals:9'240 vars:1'485 one_side_vars:0 simple_definition:1'320 singleton_clauses:0
[SAT presolve] [0.000567352s] clauses:3'960 literals:9'240 vars:1'485 one_side_vars:0 simple_definition:1'320 singleton_clauses:0
  7.06e-04s  0.00e+00d  [DetectDuplicateConstraintsWithDifferentEnforcements] 
  4.48e-02s  1.44e-02d  [Probe] #probed=3'795 #fixed_bools=171 #new_bounds=6 #equiv=294 #new_binary_clauses=3'558 
  4.22e-03s  1.68e-03d  [MaxClique] Merged 2'640 constraints with 5'280 literals into 2'160 constraints with 4'320 literals
  1.48e-03s  0.00e+00d  [DetectDominanceRelations] 
  1.27e-02s  0.00e+00d  [PresolveToFixPoint] #num_loops=2 #num_dual_strengthening=1 
  1.55e-03s  0.00e+00d  [ProcessAtMostOneAndLinear] 
  4.34e-04s  0.00e+00d  [DetectDuplicateConstraints] #duplicates=244 
  2.96e-04s  0.00e+00d  [DetectDuplicateConstraintsWithDifferentEnforcements] 
  2.50e-04s  8.02e-06d  [DetectDominatedLinearConstraints] #relevant_constraints=120 
  2.47e-04s  0.00e+00d  [DetectDifferentVariables] 
  1.62e-03s  9.46e-05d  [ProcessSetPPC] #relevant_constraints=3'056 #num_inclusions=3'320 
  1.38e-03s  4.12e-05d  [TransformClausesToExactlyOne] #num_amos=1'920 #num_clauses=960 #num_checked=960 
  3.81e-03s  0.00e+00d  [DetectEncodedComplexDomains] 
  5.37e-04s  5.81e-05d  [FindAlmostIdenticalLinearConstraints] #num_tested_pairs=581 
  1.86e-03s  6.93e-04d  [FindBigAtMostOneAndLinearOverlap] 
  7.73e-04s  3.19e-04d  [FindBigVerticalLinearOverlap] 
  3.59e-04s  1.20e-05d  [FindBigHorizontalLinearOverlap] #linears=120 
  1.09e-03s  1.44e-05d  [MergeClauses] 
  2.32e-03s  0.00e+00d  [DetectDominanceRelations] 
  1.24e-02s  0.00e+00d  [PresolveToFixPoint] #num_loops=1 #num_dual_strengthening=1 
  1.54e-04s  0.00e+00d  [MergeNoOverlap] 
  1.36e-04s  0.00e+00d  [MergeNoOverlap2D] 

Presolve summary:
  - 339 affine relations were detected.
  - rule 'affine: new relation' was applied 339 times.
  - rule 'all_diff: empty constraint' was applied 2 times.
  - rule 'all_diff: inferred from x != y constraints' was applied 11 times.
  - rule 'all_diff: permutation expanded' was applied 11 times.
  - rule 'all_diff: remove fixed expressions' was applied 2 times.
  - rule 'at_most_one: empty or all false' was applied 80 times.
  - rule 'at_most_one: removed literals' was applied 80 times.
  - rule 'at_most_one: satisfied' was applied 160 times.
  - rule 'at_most_one: transformed into max clique' was applied 1 time.
  - rule 'bool_or: always true' was applied 120 times.
  - rule 'bool_or: implications' was applied 2'640 times.
  - rule 'bool_or: only one literal' was applied 15 times.
  - rule 'deductions: 1800 stored' was applied 1 time.
  - rule 'diophantine: reformulated equality' was applied 30 times.
  - rule 'duplicate: removed constraint' was applied 244 times.
  - rule 'enforcement: false literal' was applied 51 times.
  - rule 'enforcement: true literal' was applied 51 times.
  - rule 'exactly_one: satisfied' was applied 6 times.
  - rule 'exactly_one: x and not(x)' was applied 30 times.
  - rule 'linear inclusion: sparsify superset' was applied 315 times.
  - rule 'linear1: x in domain' was applied 6 times.
  - rule 'linear2: convert ax + by != cte to clauses' was applied 2'640 times.
  - rule 'linear: always true' was applied 95 times.
  - rule 'linear: divide by GCD' was applied 45 times.
  - rule 'linear: empty' was applied 346 times.
  - rule 'linear: fixed or dup variables' was applied 993 times.
  - rule 'linear: negative clause' was applied 660 times.
  - rule 'linear: positive clause' was applied 660 times.
  - rule 'linear: positive equal one' was applied 30 times.
  - rule 'linear: reduced variable domains' was applied 120 times.
  - rule 'linear: reduced variable domains in derived constraint' was applied 30 times.
  - rule 'linear: remapped using affine relations' was applied 180 times.
  - rule 'new_bool: integer encoding' was applied 396 times.
  - rule 'presolve: 348 unused variables removed.' was applied 1 time.
  - rule 'presolve: iteration' was applied 3 times.
  - rule 'setppc: exactly_one included in linear' was applied 345 times.
  - rule 'setppc: reduced linear coefficients' was applied 345 times.
  - rule 'variables: add encoding constraint' was applied 396 times.

Presolved satisfaction model '': (model_fingerprint: 0xe61dafc4610d0542)
#Variables: 1'431 (1'361 primary variables)
  - 1'371 Booleans in [0,1]
  - 60 in [0,5]
#kAllDiff: 10
#kBoolAnd: 150 (#enforced: 150) (#literals: 2'070)
#kBoolOr: 960 (#literals: 2'880)
#kExactlyOne: 56 (#literals: 336)
#kLinear1: 720 (#enforced: 720)
#kLinear2: 300 (#enforced: 300)
#kLinearN: 120 (#terms: 2'400)
[Symmetry] Graph for symmetry has 6'113 nodes and 14'372 arcs.
[Symmetry] Symmetry computation done. time: 0.0123013 dtime: 0.00680739
[Symmetry] #generators: 63, average support size: 39.5238
[Symmetry] 426 orbits on 1431 variables with sizes: 6,6,6,6,6,6,6,6,6,6,...
[Symmetry] Found orbitope of size 6 x 2

Preloading model.
#Model   0.40s var:1431/1431 constraints:2316/2316

Starting search at 0.40s with 8 workers.
6 full problem subsolvers: [default_lp, max_lp_sym, no_lp, probing, quick_restart, quick_restart_no_lp]
2 first solution subsolvers: [fj, fs_random_no_lp]
2 interleaved subsolvers: [feasibility_pump, rins/rens]
2 helper subsolvers: [neighborhood_helper, synchronization_agent]

#1       0.93s no_lp

Task timing                      n [     min,      max]      avg      dev     time         n [     min,      max]      avg      dev    dtime
           'default_lp':         1 [536.55ms, 536.55ms] 536.55ms   0.00ns 536.55ms         2 [ 15.42ms,  45.60ms]  30.51ms  15.09ms  61.02ms
     'feasibility_pump':         3 [490.29us,  10.88ms]   5.90ms   4.25ms  17.70ms         2 [ 27.44us, 799.35us] 413.40us 385.95us 826.80us
                   'fj':         2 [224.19ms, 271.07ms] 247.63ms  23.44ms 495.26ms         2 [ 38.01ms, 100.12ms]  69.07ms  31.06ms 138.14ms
      'fs_random_no_lp':         1 [522.65ms, 522.65ms] 522.65ms   0.00ns 522.65ms         2 [ 14.65ms,  37.26ms]  25.95ms  11.30ms  51.91ms
           'max_lp_sym':         1 [542.35ms, 542.35ms] 542.35ms   0.00ns 542.35ms         2 [  1.95ms,  36.62ms]  19.28ms  17.34ms  38.56ms
                'no_lp':         1 [533.73ms, 533.73ms] 533.73ms   0.00ns 533.73ms         2 [ 14.65ms,  42.14ms]  28.39ms  13.75ms  56.79ms
              'probing':         1 [528.27ms, 528.27ms] 528.27ms   0.00ns 528.27ms         2 [ 13.35ms,  15.56ms]  14.45ms   1.10ms  28.91ms
        'quick_restart':         1 [532.72ms, 532.72ms] 532.72ms   0.00ns 532.72ms         2 [ 15.21ms,  26.50ms]  20.85ms   5.64ms  41.70ms
  'quick_restart_no_lp':         1 [529.11ms, 529.11ms] 529.11ms   0.00ns 529.11ms         2 [ 14.65ms,  38.17ms]  26.41ms  11.76ms  52.82ms
            'rins/rens':         2 [976.33us,   1.87ms]   1.42ms 445.56us   2.84ms         0 [  0.00ns,   0.00ns]   0.00ns   0.00ns   0.00ns

Search stats              Bools  Conflicts  Branches  Restarts  BacktrackToRoot  Backtrack  BoolPropag  IntegerPropag
           'default_lp':  1'551        110    10'355         2            6'190      7'710     193'070        178'122
      'fs_random_no_lp':  1'551        610    11'249         6            6'194      8'203     268'088        205'403
           'max_lp_sym':  1'551          0     3'102         0            3'102      3'102      67'260         82'422
                'no_lp':  1'551        880    11'492         9            6'197      8'448     300'818        217'689
              'probing':  1'551          0     3'296         0            3'296      3'296      76'976         73'556
        'quick_restart':  1'551         14    10'168         1            6'189      7'613     181'277        170'864
  'quick_restart_no_lp':  1'551        433    11'835        42            6'230      8'070     273'829        213'254

SAT formula               Fixed  Equiv  Total  VarLeft  BinaryClauses  PermanentClauses  TemporaryClauses
           'default_lp':      0    396  1'551    1'155         10'824               915                69
      'fs_random_no_lp':      0    396  1'551    1'155         10'824             1'108               305
           'max_lp_sym':      0    396  1'551    1'155         10'826               524                 0
                'no_lp':      0    396  1'551    1'155         10'826             1'141               340
              'probing':      0    396  1'551    1'155         10'826             1'256                 0
        'quick_restart':      0    396  1'551    1'155         10'824               887                 8
  'quick_restart_no_lp':      0    396  1'551    1'155         10'826             1'041               221

SAT stats                 ClassicMinim  LitRemoved  LitRemovedBinary  LitLearned  LitForgotten  Subsumed
           'default_lp':            62         145               120       1'146             0         7
      'fs_random_no_lp':           358       1'091               476       5'856             0        67
           'max_lp_sym':             0           0                 0           0             0         0
                'no_lp':           562       1'689             1'268       7'508             0       238
              'probing':             0           0                 0           0             0         0
        'quick_restart':             9          29                24         145             0         0
  'quick_restart_no_lp':           263         694               296       3'799             0        49

Vivification              Clauses  Decisions  LitTrue  Subsumed  LitRemoved  DecisionReused  Conflicts
           'default_lp':    2'189      4'690        0       357       1'089              15          0
      'fs_random_no_lp':    2'189      4'690        0       357       1'089              15          0
           'max_lp_sym':        0          0        0         0           0               0          0
                'no_lp':    2'189      4'690        0       357       1'089              15          0
              'probing':        0          0        0         0           0               0          0
        'quick_restart':    2'189      4'690        0       357       1'089              15          0
  'quick_restart_no_lp':    2'189      4'690        0       357       1'089              15          0

Clause deletion           at_true  l_and_not(l)  to_binary  sub_conflict  sub_extra  sub_decisions  sub_eager  sub_vivify  sub_probing  sub_inpro  blocked  eliminated  forgotten  promoted  conflicts
           'default_lp':        0             0          0             7          0              0          0         357            0          9        0           0          0       145        110
      'fs_random_no_lp':        0             0          0            61         11              0          6         357            0          9        0           0          0       710        610
           'max_lp_sym':        0             0          0             0          0              0          0           0            0        366        0           0          0         0          0
                'no_lp':        0             0          0           227         26             15         11         357            0          9        0           0          0     1'200        880
              'probing':        0             0          0             0          0              0          0           0            0          0        0           0          0         0          0
        'quick_restart':        0             0          0             0          0              0          0         357            0          9        0           0          0        14         14
  'quick_restart_no_lp':        0             0          0            46          3              0          3         357            0          9        0           0          0       460        433

Lp stats            Component  Iterations  AddedCuts  OPTIMAL  DUAL_F.  DUAL_U.
     'default_lp':          1       3'379         15      227        0       20
     'max_lp_sym':          1         372         11        2        0        0
        'probing':          1         767        250      119        0        0
  'quick_restart':          1         844         82       55        0        0

Lp dimension           Final dimension of first component
     'default_lp':   120 rows, 1035 columns, 2400 entries
     'max_lp_sym':    978 rows, 426 columns, 3536 entries
        'probing':  321 rows, 1035 columns, 10216 entries
  'quick_restart':   172 rows, 1035 columns, 3667 entries

Lp debug            CutPropag  CutEqPropag  Adjust  Overflow    Bad  BadScaling
     'default_lp':          0            0       0         0    200           0
     'max_lp_sym':          0            0       0         0  1'578           0
        'probing':          0            0       0         0  5'421           0
  'quick_restart':          0            0       0         0    846           0

Lp pool             Constraints  Updates  Simplif  Merged  Shortened  Split  Strengthened  Cuts/Call
     'default_lp':          135        0        0       0          0      0             0      15/60
     'max_lp_sym':          979       59        0      78          0      0             0      11/22
        'probing':          370      143        0       0          0      0             0    250/649
  'quick_restart':          202        0        0       0          0      0             0     82/272

Lp Cut           default_lp  quick_restart  probing  max_lp_sym
         CG_FF:          12             12      100           -
          CG_K:           -              -        3           -
         CG_KL:           -              -        2           -
          CG_R:           -              -       39           -
        Clique:           -              -        -           6
            IB:           -              -        -           1
      MIR_2_FF:           -              -        1           -
       MIR_2_R:           -              -        1           -
      MIR_3_FF:           -              4        5           -
       MIR_3_R:           -              -        1           1
      MIR_4_FF:           -              3        1           -
       MIR_4_R:           -              -        1           -
      MIR_5_FF:           -              1        2           -
      MIR_6_FF:           -              1        1           -
  ZERO_HALF_FF:           3             61       58           -
   ZERO_HALF_R:           -              -       35           3

LNS stats       Improv/Calls  Closed  Difficulty  TimeLimit
  'rins/rens':           0/0      0%    5.00e-01       0.10

LS stats                                    Batches  Restarts/Perturbs  LinMoves  GenMoves  CompoundMoves  Bactracks  WeightUpdates  ScoreComputed
  'fj_restart_decay_compound_perturb_obj':        1                  1         0    21'557          5'046      8'255             13        310'146
               'fj_restart_decay_perturb':        1                  1    22'855         0              0          0            259         35'520

Solutions (1)    Num   Rank
       'no_lp':    1  [0,0]

Solution repositories    Added  Queried  Synchro
    'alternative_path':      0        0        0
      'best_solutions':      1        0        1
   'fj solution hints':      0        0        0
        'lp solutions':      0        0        0
                'pump':      2        2

Clauses shared            #Exported  #Imported  #BinaryRead  #BinaryTotal
           'default_lp':          0          0            0             1
      'fs_random_no_lp':          0          0            0             1
           'max_lp_sym':          0          0            1             1
                'no_lp':          1          0            1             1
              'probing':          0          0            1             1
        'quick_restart':          0          0            0             1
  'quick_restart_no_lp':          0          0            1             1

LRAT_status: NA
CpSolverResponse summary:
status: OPTIMAL
objective: NA
best_bound: NA
integers: 1095
booleans: 1551
conflicts: 880
branches: 11492
propagations: 300818
integer_propagations: 217689
restarts: 9
lp_iterations: 0
walltime: 0.949274
usertime: 0.949274
deterministic_time: 0.529217
gap_integral: 0
solution_fingerprint: 0xbd5ba4326a755e32

{"clones": 6, "faces": 12, "n": 9, "status": "OPTIMAL", "seconds": 0.9506299495697021, "weights": {"0": [10, 10, 10, 10, 8, 8, 4, 4, 4, 4, 0, 0], "2": [12, 12, 8, 8, 8, 8, 4, 4, 2, 2, 2, 2], "3": [12, 12, 8, 8, 6, 6, 6, 6, 4, 4, 0, 0]}, "permutations": [[0, 1, 2, 3, 4, 5], [5, 4, 3, 2, 1, 0], [4, 1, 3, 2, 5, 0], [0, 5, 2, 3, 1, 4], [0, 3, 2, 1, 4, 5], [5, 4, 1, 2, 3, 0], [4, 2, 3, 1, 0, 5], [5, 0, 1, 3, 2, 4], [5, 2, 1, 3, 0, 4], [4, 0, 3, 1, 2, 5], [5, 3, 1, 2, 0, 4], [4, 0, 2, 1, 3, 5]], "word": [6, 6, 0, 1, 2, 3, 4, 5, 5, 4, 3, 2, 1, 0, 7, 7, 8, 8, 8, 8, 7, 7, 4, 1, 3, 2, 5, 0, 0, 5, 2, 3, 1, 4, 6, 6, 8, 8, 0, 3, 2, 1, 4, 5, 5, 4, 1, 2, 3, 0, 6, 6, 7, 7, 7, 7, 6, 6, 4, 2, 3, 1, 0, 5, 5, 0, 1, 3, 2, 4, 8, 8, 7, 7, 5, 2, 1, 3, 0, 4, 4, 0, 3, 1, 2, 5, 6, 6, 8, 8, 8, 8, 6, 6, 5, 3, 1, 2, 0, 4, 4, 0, 2, 1, 3, 5, 7, 7], "verified_three_wise": true}
