
Starting CP-SAT solver v9.15.6755
Parameters: random_seed: 0 max_time_in_seconds: 600 log_search_progress: true num_search_workers: 8

Initial satisfaction model '': (model_fingerprint: 0x93c4abc3befbdadd)
#Variables: 2'856 (2'828 primary variables)
  - 2'772 Booleans in [0,1]
  - 84 in [0,6]
#kAllDiff: 12
#kLinear1: 7
#kLinear2: 5'544 (#enforced: 504)
#kLinear3: 2'520
#kLinearN: 294 (#terms: 8'064)

Starting presolve at 0.01s
  2.19e-03s  0.00e+00d  [DetectDominanceRelations] 
  4.81e-02s  0.00e+00d  [PresolveToFixPoint] #num_loops=2 #num_dual_strengthening=1 
  2.40e-04s  0.00e+00d  [ExtractEncodingFromLinear] #potential_supersets=21 
  1.22e-03s  0.00e+00d  [DetectDuplicateColumns] 
  5.19e-04s  0.00e+00d  [DetectDuplicateConstraints] 
[Symmetry] Graph for symmetry has 14'419 nodes and 34'571 arcs.
[Symmetry] Symmetry computation done. time: 0.00578304 dtime: 0.0053435
[SAT presolve] num removable Booleans: 0 / 3'080
[SAT presolve] num trivial clauses: 0
[SAT presolve] [0s] clauses:6'930 literals:16'170 vars:2'541 one_side_vars:0 simple_definition:2'310 singleton_clauses:0
[SAT presolve] [0.00117486s] clauses:6'930 literals:16'170 vars:2'541 one_side_vars:0 simple_definition:2'310 singleton_clauses:0
[SAT presolve] [0.00152092s] clauses:6'930 literals:16'170 vars:2'541 one_side_vars:0 simple_definition:2'310 singleton_clauses:0
  5.87e-04s  0.00e+00d  [DetectDuplicateConstraintsWithDifferentEnforcements] 
  1.02e-01s  2.94e-02d  [Probe] #probed=6'776 #new_binary_clauses=6'866 
  9.55e-03s  6.12e-03d  [MaxClique] 
  2.66e-03s  0.00e+00d  [DetectDominanceRelations] 
  2.24e-02s  0.00e+00d  [PresolveToFixPoint] #num_loops=2 #num_dual_strengthening=1 
  5.24e-03s  0.00e+00d  [ProcessAtMostOneAndLinear] 
  8.77e-04s  0.00e+00d  [DetectDuplicateConstraints] 
  8.39e-04s  0.00e+00d  [DetectDuplicateConstraintsWithDifferentEnforcements] 
  1.71e-03s  2.91e-05d  [DetectDominatedLinearConstraints] #relevant_constraints=315 #num_inclusions=252 #num_redundant=252 
  1.78e-03s  0.00e+00d  [DetectDifferentVariables] #different=231 #cliques=11 #size=77 
  8.72e-03s  2.59e-04d  [ProcessSetPPC] #relevant_constraints=7'343 #num_inclusions=7'518 
  2.09e-03s  8.90e-05d  [TransformClausesToExactlyOne] #num_amos=4'620 #num_clauses=2'310 #num_checked=2'310 
  1.71e-03s  0.00e+00d  [DetectEncodedComplexDomains] 
  5.23e-04s  1.09e-04d  [FindAlmostIdenticalLinearConstraints] #num_tested_pairs=755 
  4.34e-03s  2.28e-03d  [FindBigAtMostOneAndLinearOverlap] 
  1.43e-03s  1.07e-03d  [FindBigVerticalLinearOverlap] 
  3.06e-04s  3.32e-05d  [FindBigHorizontalLinearOverlap] #linears=294 
  1.07e-03s  3.46e-05d  [MergeClauses] 
  3.48e-03s  0.00e+00d  [DetectDominanceRelations] 
  1.74e-02s  0.00e+00d  [PresolveToFixPoint] #num_loops=1 #num_dual_strengthening=1 
  2.51e-03s  0.00e+00d  [DetectDominanceRelations] 
  1.54e-02s  0.00e+00d  [PresolveToFixPoint] #num_loops=1 #num_dual_strengthening=1 
  6.42e-04s  0.00e+00d  [DetectDuplicateColumns] 
  4.09e-04s  0.00e+00d  [DetectDuplicateConstraints] 
[Symmetry] Graph for symmetry has 14'201 nodes and 33'559 arcs.
[Symmetry] Symmetry computation done. time: 0.00649986 dtime: 0.00536406
[SAT presolve] num removable Booleans: 0 / 3'080
[SAT presolve] num trivial clauses: 0
[SAT presolve] [0s] clauses:6'930 literals:16'170 vars:2'541 one_side_vars:0 simple_definition:2'310 singleton_clauses:0
[SAT presolve] [0.00111426s] clauses:6'930 literals:16'170 vars:2'541 one_side_vars:0 simple_definition:2'310 singleton_clauses:0
[SAT presolve] [0.00134314s] clauses:6'930 literals:16'170 vars:2'541 one_side_vars:0 simple_definition:2'310 singleton_clauses:0
  7.24e-04s  0.00e+00d  [DetectDuplicateConstraintsWithDifferentEnforcements] 
  1.13e-01s  2.94e-02d  [Probe] #probed=6'776 #new_binary_clauses=7'080 
  9.38e-03s  6.53e-03d  [MaxClique] 
  2.90e-03s  0.00e+00d  [DetectDominanceRelations] 
  1.91e-02s  0.00e+00d  [PresolveToFixPoint] #num_loops=1 #num_dual_strengthening=1 
  4.09e-03s  0.00e+00d  [ProcessAtMostOneAndLinear] 
  9.45e-04s  0.00e+00d  [DetectDuplicateConstraints] 
  8.03e-04s  0.00e+00d  [DetectDuplicateConstraintsWithDifferentEnforcements] 
  1.20e-03s  2.23e-05d  [DetectDominatedLinearConstraints] #relevant_constraints=294 #num_inclusions=273 #num_redundant=273 
  5.38e-04s  0.00e+00d  [DetectDifferentVariables] 
  6.95e-03s  2.16e-04d  [ProcessSetPPC] #relevant_constraints=7'343 #num_inclusions=6'685 
  3.02e-03s  8.90e-05d  [TransformClausesToExactlyOne] #num_amos=4'620 #num_clauses=2'310 #num_checked=2'310 
  2.64e-03s  0.00e+00d  [DetectEncodedComplexDomains] 
  5.65e-04s  6.25e-05d  [FindAlmostIdenticalLinearConstraints] #num_tested_pairs=503 
  4.30e-03s  2.00e-03d  [FindBigAtMostOneAndLinearOverlap] 
  1.53e-03s  9.27e-04d  [FindBigVerticalLinearOverlap] 
  5.27e-04s  2.87e-05d  [FindBigHorizontalLinearOverlap] #linears=231 
  1.69e-03s  3.46e-05d  [MergeClauses] 
  4.00e-03s  0.00e+00d  [DetectDominanceRelations] 
  1.60e-02s  0.00e+00d  [PresolveToFixPoint] #num_loops=1 #num_dual_strengthening=1 
  3.08e-03s  0.00e+00d  [DetectDominanceRelations] 
  1.83e-02s  0.00e+00d  [PresolveToFixPoint] #num_loops=1 #num_dual_strengthening=1 
  6.08e-04s  0.00e+00d  [DetectDuplicateColumns] 
  4.84e-04s  0.00e+00d  [DetectDuplicateConstraints] 
[Symmetry] Graph for symmetry has 13'979 nodes and 32'714 arcs.
[Symmetry] Symmetry computation done. time: 0.00498438 dtime: 0.00526519
[SAT presolve] num removable Booleans: 0 / 3'080
[SAT presolve] num trivial clauses: 0
[SAT presolve] [0s] clauses:6'930 literals:16'170 vars:2'541 one_side_vars:0 simple_definition:2'310 singleton_clauses:0
[SAT presolve] [0.000711171s] clauses:6'930 literals:16'170 vars:2'541 one_side_vars:0 simple_definition:2'310 singleton_clauses:0
[SAT presolve] [0.000931376s] clauses:6'930 literals:16'170 vars:2'541 one_side_vars:0 simple_definition:2'310 singleton_clauses:0
  1.03e-03s  0.00e+00d  [DetectDuplicateConstraintsWithDifferentEnforcements] 
  9.45e-02s  2.75e-02d  [Probe] #probed=6'181 #fixed_bools=280 #new_bounds=7 #equiv=490 #new_binary_clauses=5'978 
  6.24e-03s  3.39e-03d  [MaxClique] Merged 4'620 constraints with 9'240 literals into 3'780 constraints with 7'560 literals
  3.73e-03s  0.00e+00d  [DetectDominanceRelations] 
  2.22e-02s  0.00e+00d  [PresolveToFixPoint] #num_loops=2 #num_dual_strengthening=1 
  4.35e-03s  0.00e+00d  [ProcessAtMostOneAndLinear] 
  9.40e-04s  0.00e+00d  [DetectDuplicateConstraints] #duplicates=424 
  6.08e-04s  0.00e+00d  [DetectDuplicateConstraintsWithDifferentEnforcements] 
  5.83e-04s  1.42e-05d  [DetectDominatedLinearConstraints] #relevant_constraints=210 
  4.69e-04s  0.00e+00d  [DetectDifferentVariables] 
  3.02e-03s  1.66e-04d  [ProcessSetPPC] #relevant_constraints=5'316 #num_inclusions=5'810 
  2.87e-03s  7.82e-05d  [TransformClausesToExactlyOne] #num_amos=3'360 #num_clauses=1'680 #num_checked=1'680 
  1.90e-03s  0.00e+00d  [DetectEncodedComplexDomains] 
  6.61e-04s  1.53e-04d  [FindAlmostIdenticalLinearConstraints] #num_tested_pairs=1'531 
  3.36e-03s  1.20e-03d  [FindBigAtMostOneAndLinearOverlap] 
  1.22e-03s  5.46e-04d  [FindBigVerticalLinearOverlap] 
  5.86e-04s  2.10e-05d  [FindBigHorizontalLinearOverlap] #linears=210 
  1.06e-03s  2.52e-05d  [MergeClauses] 
  3.47e-03s  0.00e+00d  [DetectDominanceRelations] 
  1.35e-02s  0.00e+00d  [PresolveToFixPoint] #num_loops=1 #num_dual_strengthening=1 
  2.55e-04s  0.00e+00d  [MergeNoOverlap] 
  2.28e-04s  0.00e+00d  [MergeNoOverlap2D] 

Presolve summary:
  - 553 affine relations were detected.
  - rule 'affine: new relation' was applied 553 times.
  - rule 'all_diff: empty constraint' was applied 2 times.
  - rule 'all_diff: inferred from x != y constraints' was applied 11 times.
  - rule 'all_diff: permutation expanded' was applied 11 times.
  - rule 'all_diff: remove fixed expressions' was applied 2 times.
  - rule 'at_most_one: empty or all false' was applied 140 times.
  - rule 'at_most_one: removed literals' was applied 140 times.
  - rule 'at_most_one: satisfied' was applied 280 times.
  - rule 'at_most_one: transformed into max clique' was applied 1 time.
  - rule 'bool_or: always true' was applied 210 times.
  - rule 'bool_or: implications' was applied 4'620 times.
  - rule 'bool_or: only one literal' was applied 21 times.
  - rule 'deductions: 2478 stored' was applied 1 time.
  - rule 'diophantine: reformulated equality' was applied 42 times.
  - rule 'duplicate: removed constraint' was applied 424 times.
  - rule 'enforcement: false literal' was applied 70 times.
  - rule 'enforcement: true literal' was applied 70 times.
  - rule 'exactly_one: satisfied' was applied 7 times.
  - rule 'exactly_one: x and not(x)' was applied 42 times.
  - rule 'linear inclusion: sparsify superset' was applied 525 times.
  - rule 'linear1: x in domain' was applied 7 times.
  - rule 'linear2: convert ax + by != cte to clauses' was applied 4'620 times.
  - rule 'linear: always true' was applied 161 times.
  - rule 'linear: divide by GCD' was applied 63 times.
  - rule 'linear: empty' was applied 581 times.
  - rule 'linear: fixed or dup variables' was applied 1'638 times.
  - rule 'linear: negative clause' was applied 1'155 times.
  - rule 'linear: positive clause' was applied 1'155 times.
  - rule 'linear: positive equal one' was applied 42 times.
  - rule 'linear: reduced variable domains' was applied 210 times.
  - rule 'linear: reduced variable domains in derived constraint' was applied 42 times.
  - rule 'linear: remapped using affine relations' was applied 294 times.
  - rule 'new_bool: integer encoding' was applied 539 times.
  - rule 'presolve: 567 unused variables removed.' was applied 1 time.
  - rule 'presolve: iteration' was applied 3 times.
  - rule 'setppc: exactly_one included in linear' was applied 588 times.
  - rule 'setppc: reduced linear coefficients' was applied 588 times.
  - rule 'variables: add encoding constraint' was applied 539 times.

Presolved satisfaction model '': (model_fingerprint: 0xbc7285ca1259325c)
#Variables: 2'317 (2'231 primary variables)
  - 2'247 Booleans in [0,1]
  - 70 in [0,6]
#kAllDiff: 10
#kBoolAnd: 210 (#enforced: 210) (#literals: 3'570)
#kBoolOr: 1'680 (#literals: 5'040)
#kExactlyOne: 66 (#literals: 462)
#kLinear1: 980 (#enforced: 980)
#kLinear2: 420 (#enforced: 420)
#kLinearN: 210 (#terms: 4'200)
[Symmetry] Graph for symmetry has 9'845 nodes and 23'874 arcs.
[Symmetry] Symmetry computation done. time: 0.0177054 dtime: 0.0113549
[Symmetry] #generators: 108, average support size: 38.2407
[Symmetry] 672 orbits on 2317 variables with sizes: 6,6,6,6,6,6,6,6,6,6,...
[Symmetry] Found orbitope of size 6 x 2

Preloading model.
#Model   0.74s var:2317/2317 constraints:3576/3576

Starting search at 0.75s with 8 workers.
6 full problem subsolvers: [default_lp, max_lp_sym, no_lp, probing, quick_restart, quick_restart_no_lp]
2 first solution subsolvers: [fj, fs_random_no_lp]
2 interleaved subsolvers: [feasibility_pump, rins/rens]
2 helper subsolvers: [neighborhood_helper, synchronization_agent]

#Model   2.92s var:2311/2317 constraints:3576/3576
#Model   3.34s var:2241/2317 constraints:3488/3576
#Model   3.45s var:2229/2317 constraints:3476/3576
#Model   3.77s var:2223/2317 constraints:3464/3576
#Model   3.89s var:2118/2317 constraints:3380/3576
#Model   4.11s var:2098/2317 constraints:3368/3576
#Done    4.13s quick_restart_no_lp

Task timing                      n [     min,      max]      avg      dev     time         n [     min,      max]      avg      dev    dtime
           'default_lp':         1 [   3.40s,    3.40s]    3.40s   0.00ns    3.40s         2 [ 29.30ms, 371.81ms] 200.55ms 171.25ms 401.11ms
     'feasibility_pump':        27 [617.43us,  46.74ms]   3.88ms  10.83ms 104.84ms        26 [ 44.33us,   1.93ms] 116.66us 361.68us   3.03ms
                   'fj':         5 [405.56ms, 835.49ms] 631.41ms 172.92ms    3.16s         5 [ 50.42ms, 100.20ms]  90.24ms  19.91ms 451.22ms
      'fs_random_no_lp':         1 [   3.40s,    3.40s]    3.40s   0.00ns    3.40s         2 [ 28.16ms, 550.93ms] 289.54ms 261.38ms 579.09ms
           'max_lp_sym':         1 [   3.40s,    3.40s]    3.40s   0.00ns    3.40s         2 [ 74.66ms, 360.02ms] 217.34ms 142.68ms 434.67ms
                'no_lp':         1 [   3.42s,    3.42s]    3.42s   0.00ns    3.42s         2 [ 28.16ms, 375.85ms] 202.01ms 173.85ms 404.01ms
              'probing':         1 [   3.39s,    3.39s]    3.39s   0.00ns    3.39s         2 [ 29.09ms,  62.92ms]  46.00ms  16.91ms  92.01ms
        'quick_restart':         1 [   3.40s,    3.40s]    3.40s   0.00ns    3.40s         2 [ 29.39ms, 268.27ms] 148.83ms 119.44ms 297.66ms
  'quick_restart_no_lp':         1 [   3.38s,    3.38s]    3.38s   0.00ns    3.38s         2 [ 28.16ms, 407.87ms] 218.01ms 189.85ms 436.03ms
            'rins/rens':        26 [558.30us,   9.94ms]   2.07ms   2.00ms  53.89ms         0 [  0.00ns,   0.00ns]   0.00ns   0.00ns   0.00ns

Search stats              Bools  Conflicts  Branches  Restarts  BacktrackToRoot  Backtrack  BoolPropag  IntegerPropag
           'default_lp':  2'527      1'117    29'691         8           14'641     20'226     830'363        689'391
      'fs_random_no_lp':  2'527     10'120    39'225        20           12'603     27'079   2'534'281      1'368'876
           'max_lp_sym':  2'527         13    16'680         0           10'189     12'440     349'997        594'364
                'no_lp':  2'527      7'143    37'209        30           12'883     24'649   1'693'307      1'017'107
              'probing':  2'527          0     5'460         0            5'460      5'460     148'855        142'698
        'quick_restart':  2'527        199    26'050        16           13'627     18'279     658'693        590'636
  'quick_restart_no_lp':  2'527      3'846    54'807       301           18'068     26'638   2'080'609      1'493'590

SAT formula               Fixed  Equiv  Total  VarLeft  BinaryClauses  PermanentClauses  TemporaryClauses
           'default_lp':     84    723  2'527    1'720         17'192             1'635               293
      'fs_random_no_lp':     86    712  2'527    1'729         17'172             2'732             1'764
           'max_lp_sym':    199    672  2'527    1'656         20'404             1'443                 1
                'no_lp':      6    669  2'527    1'852         18'330             2'282             2'003
              'probing':    203    672  2'527    1'652         20'394             2'096                 0
        'quick_restart':    125    722  2'527    1'680         16'310             1'334                70
  'quick_restart_no_lp':    588    672  2'527    1'267         20'364             2'400             1'429

SAT stats                 ClassicMinim  LitRemoved  LitRemovedBinary  LitLearned  LitForgotten  Subsumed
           'default_lp':           599       1'691             1'255       8'877             0       279
      'fs_random_no_lp':         6'439      23'513            11'471      94'760             0     2'212
           'max_lp_sym':             9          25                 3          63             0         2
                'no_lp':         4'733      17'402            13'447      64'992             0     2'136
              'probing':             0           0                 0           0             0         0
        'quick_restart':           110         295               183       1'706             0        25
  'quick_restart_no_lp':         2'152       5'945             3'523      33'935             0       895

Vivification              Clauses  Decisions  LitTrue  Subsumed  LitRemoved  DecisionReused  Conflicts
           'default_lp':    6'948     15'742        1       698       2'384             222         17
      'fs_random_no_lp':    5'050     14'119        7     1'294       7'590             554        120
           'max_lp_sym':    3'663      7'812        0       612       1'860              18          0
                'no_lp':    5'198     15'973        0     1'059       5'633             537         63
              'probing':        0          0        0         0           0               0          0
        'quick_restart':    5'911     12'920        0       623       1'915              36          0
  'quick_restart_no_lp':   10'335     28'972        0       854       3'819           1'442         46

Clause deletion           at_true  l_and_not(l)  to_binary  sub_conflict  sub_extra  sub_decisions  sub_eager  sub_vivify  sub_probing  sub_inpro  blocked  eliminated  forgotten  promoted  conflicts
           'default_lp':       83            42         43           265         23              3         14         698            1         65        0           0          0     1'030      1'117
      'fs_random_no_lp':    2'349            63         68         2'142        299             31         70       1'294           91        624        0           0          0    13'449     10'120
           'max_lp_sym':        0             0          0             1          0              0          1         612            0         24        0           0          0         2         13
                'no_lp':       35             0          2         2'053        116             51         83       1'059          540        554        0           0          0    10'980      7'143
              'probing':        0             0          0             0          0              0          0           0            0          0        0           0          0         0          0
        'quick_restart':       83            56         43            25          1              0          0         623           31         19        0           0          0       221        199
  'quick_restart_no_lp':        0             0          1           871         62              1         24         854           81        107        0           0          0     4'043      3'846

Lp stats            Component  Iterations  AddedCuts  OPTIMAL  DUAL_F.  DUAL_U.
     'default_lp':          1      24'890        333    1'600        0       28
     'max_lp_sym':          1       3'678        234       32       20        8
        'probing':          1       2'625        636      533        0        0
  'quick_restart':          1      14'015      1'006      639        0       29

Lp dimension          Final dimension of first component
     'default_lp':  210 rows, 1785 columns, 4200 entries
     'max_lp_sym':  1592 rows, 672 columns, 5356 entries
        'probing':  246 rows, 1785 columns, 5165 entries
  'quick_restart':  329 rows, 1785 columns, 7238 entries

Lp debug            CutPropag  CutEqPropag  Adjust  Overflow     Bad  BadScaling
     'default_lp':          0            0       0         0   5'372           0
     'max_lp_sym':         25            0       4         0  10'355           0
        'probing':          0            0       0         0   9'395           0
  'quick_restart':          0            0       2         0  13'329           0

Lp pool             Constraints  Updates  Simplif  Merged  Shortened  Split  Strengthened    Cuts/Call
     'default_lp':          543       25        0       0          0      0             0    333/1'252
     'max_lp_sym':        1'831      330      680     106        494    108             0      234/720
        'probing':          846      225        0       0          0      0             0    636/1'887
  'quick_restart':        1'216      115        0       0          0      0             0  1'006/3'299

Lp Cut           default_lp  max_lp_sym  quick_restart  probing
         CG_FF:          95           -            144      251
          CG_K:           2           -              1        4
         CG_KL:           -           -              -        1
          CG_R:           2           -             18       88
        Clique:           -          48              -        -
            IB:           -         176              -        -
      MIR_2_FF:           -           -              -        1
       MIR_2_R:           -           -              -        2
      MIR_3_FF:          22           -             60       14
       MIR_3_R:           -           2              -        -
      MIR_4_FF:           3           1             12        1
       MIR_4_R:           -           3              -        1
      MIR_5_FF:           3           -              9        -
       MIR_5_R:           -           1              -        -
      MIR_6_FF:           1           -             17        -
       MIR_6_R:           -           2              -        -
  ZERO_HALF_FF:         205           -            732      238
   ZERO_HALF_R:           -           1             13       35

LNS stats       Improv/Calls  Closed  Difficulty  TimeLimit
  'rins/rens':           0/0      0%    5.00e-01       0.10

LS stats                                    Batches  Restarts/Perturbs  LinMoves  GenMoves  CompoundMoves  Bactracks  WeightUpdates  ScoreComputed
          'fj_restart_decay_compound_obj':        1                  1         0     8'894          3'168      2'863              3        152'274
  'fj_restart_decay_compound_perturb_obj':        1                  1         0    15'553          3'469      6'040              4        288'834
               'fj_restart_decay_perturb':        2                  2   114'175         0              0          0            730        172'882
                 'fj_restart_perturb_obj':        1                  1    54'074         0              0          0          1'123         87'941

Solution repositories    Added  Queried  Synchro
    'alternative_path':      0        0        0
      'best_solutions':      0        0        0
   'fj solution hints':      0        0        0
        'lp solutions':      1        0        1
                'pump':     26       26

Improving bounds shared    Num  Sym
            'default_lp':    5    5
       'fs_random_no_lp':   62    0
            'max_lp_sym':    5   13
               'probing':    1    0
         'quick_restart':   20    0
   'quick_restart_no_lp':  115   85

Clauses shared            #Exported  #Imported  #BinaryRead  #BinaryTotal
           'default_lp':        447          0          451         1'306
      'fs_random_no_lp':        382          0          314         1'306
           'max_lp_sym':          7          0        1'200         1'306
                'no_lp':         89          0          170         1'306
              'probing':         12          0        1'238         1'306
        'quick_restart':        243          0          983         1'306
  'quick_restart_no_lp':        126          0        1'270         1'306

LRAT_status: NA
CpSolverResponse summary:
status: INFEASIBLE
objective: NA
best_bound: NA
integers: 1855
booleans: 2527
conflicts: 3846
branches: 54807
propagations: 2080609
integer_propagations: 1493590
restarts: 301
lp_iterations: 0
walltime: 4.17079
usertime: 4.17079
deterministic_time: 3.21076
gap_integral: 0

{"clones": 7, "faces": 12, "n": 10, "status": "INFEASIBLE", "seconds": 4.171811819076538, "weights": {"0": [10, 10, 10, 10, 8, 8, 4, 4, 4, 4, 0, 0], "2": [12, 12, 8, 8, 8, 8, 4, 4, 2, 2, 2, 2], "3": [12, 12, 8, 8, 6, 6, 6, 6, 4, 4, 0, 0]}}
