h=1 profile 3 A=1 B/L=4/1
SUMMARY h=1 identity=1 square=1
SUMMARY h=2 identity=1 square=0
SUMMARY h=3 identity=0 square=0
h=4 profile 9 0 1 2 A=12 B/L=484/12
SUMMARY h=4 identity=2 square=1
h=5 profile 1 5 7 2 0 A=30 B/L=1960/60
SUMMARY h=5 identity=3 square=1
SUMMARY h=6 identity=11 square=0
h=7 profile 0 5 8 6 0 2 0 A=56 B/L=21000/420
h=7 profile 0 7 0 14 0 0 0 A=56 B/L=21000/420
h=7 profile 1 0 13 6 0 1 0 A=56 B/L=21000/420
SUMMARY h=7 identity=9 square=3
h=8 profile 5 14 0 2 3 0 0 0 A=40 B/L=88872/840
SUMMARY h=8 identity=20 square=1
h=9 profile 0 1 21 1 1 1 0 0 2 A=80 B/L=191646/2520
h=9 profile 0 2 9 6 7 3 0 0 0 A=90 B/L=170352/2520
h=9 profile 0 4 1 14 7 1 0 0 0 A=90 B/L=170352/2520
h=9 profile 0 6 17 0 0 3 0 0 1 A=72 B/L=212940/2520
h=9 profile 0 8 9 8 0 1 0 0 1 A=72 B/L=212940/2520
h=9 profile 1 1 22 0 0 2 0 0 1 A=72 B/L=212940/2520
h=9 profile 1 3 14 8 0 0 0 0 1 A=72 B/L=212940/2520
SUMMARY h=9 identity=57 square=7
h=10 profile 0 0 0 0 7 13 5 5 0 0 A=168 B/L=126150/2520
h=10 profile 0 0 1 22 3 0 0 3 0 1 A=120 B/L=176610/2520
h=10 profile 0 0 4 14 6 3 0 3 0 0 A=120 B/L=176610/2520
h=10 profile 0 0 13 8 5 2 1 0 0 1 A=105 B/L=201840/2520
h=10 profile 0 0 16 0 8 5 1 0 0 0 A=105 B/L=201840/2520
h=10 profile 0 1 24 0 1 2 0 0 1 1 A=90 B/L=235480/2520
h=10 profile 0 2 5 16 5 0 1 0 0 1 A=105 B/L=201840/2520
h=10 profile 0 2 8 8 8 3 1 0 0 0 A=105 B/L=201840/2520
h=10 profile 0 3 16 8 1 0 0 0 1 1 A=90 B/L=235480/2520
h=10 profile 0 3 19 0 4 3 0 0 1 0 A=90 B/L=235480/2520
h=10 profile 0 4 0 16 8 1 1 0 0 0 A=105 B/L=201840/2520
h=10 profile 0 5 11 8 4 1 0 0 1 0 A=90 B/L=235480/2520
SUMMARY h=10 identity=200 square=17
h=11 profile 0 0 1 27 0 0 0 2 3 0 0 A=132 B/L=2365440/27720
h=11 profile 0 1 1 19 7 2 0 2 0 1 0 A=132 B/L=2365440/27720
h=11 profile 0 1 2 19 0 9 0 2 0 0 0 A=132 B/L=2365440/27720
h=11 profile 0 1 4 11 10 5 0 2 0 0 0 A=132 B/L=2365440/27720
h=11 profile 0 1 6 3 20 1 0 2 0 0 0 A=132 B/L=2365440/27720
SUMMARY h=11 identity=80 square=5
